[
  {
    "exercise": "c6_reserve",
    "nodes": 1664,
    "csv_candidate_rows": 10930,
    "candidates_evaluated": 11414,
    "candidates_accepted_raw": 9607,
    "candidates_rejected": 1323,
    "candidates_unresolved": 484,
    "duplicates_merged": 7344,
    "open_nodes": 503,
    "nodes_without_accepted": 0,
    "multiple_nodes": 599,
    "nodes_by_economy": {
      "binary:r=1.2": 392,
      "binary:r=3": 392,
      "uniform_classes:r=1.2": 464,
      "uniform_classes:r=3": 416
    },
    "passed": true
  },
  {
    "exercise": "c6c_reserve_events",
    "nodes": 257,
    "csv_candidate_rows": 634,
    "candidates_evaluated": 634,
    "candidates_accepted_raw": 447,
    "candidates_rejected": 187,
    "candidates_unresolved": 0,
    "duplicates_merged": 190,
    "open_nodes": 7,
    "nodes_without_accepted": 0,
    "multiple_nodes": 0,
    "nodes_by_economy": {
      "binary:r=1.2": 51,
      "binary:r=3": 50,
      "uniform_classes:r=1.2": 78,
      "uniform_classes:r=3": 78
    },
    "passed": true
  }
]
