Current thread 0x00007f7b6e09ee80 (most recent call first):
  File "<stdin>", line 5 in alarm
  File "/home/uctpiaj/work/competition-creates-competition/numerics/information.py", line 122 in entry_from_mu
  File "/home/uctpiaj/work/competition-creates-competition/numerics/information.py", line 146 in A
  File "/home/uctpiaj/work/competition-creates-competition/numerics/deviations.py", line 82 in <lambda>
  File "/home/uctpiaj/work/competition-creates-competition/numerics/quadrature.py", line 59 in <lambda>
  File "/home/uctpiaj/work/competition-creates-competition/numerics/quadrature.py", line 37 in integrate_segments
  File "/home/uctpiaj/work/competition-creates-competition/numerics/quadrature.py", line 60 in convolve_full_line
  File "/home/uctpiaj/work/competition-creates-competition/numerics/deviations.py", line 82 in U
  File "/home/uctpiaj/work/competition-creates-competition/numerics/deviations.py", line 122 in deviation_scan
  File "/home/uctpiaj/work/competition-creates-competition/numerics/validation.py", line 274 in validate
  File "/home/uctpiaj/work/competition-creates-competition/numerics/exercises/c6_reserve.py", line 174 in solve_reserve
  File "<stdin>", line 11 in <module>
         61221274 function calls (61217900 primitive calls) in 59.994 seconds

   Ordered by: cumulative time
   List reduced from 286 to 30 due to restriction <30>

   ncalls  tottime  percall  cumtime  percall filename:lineno(function)
        1    0.000    0.000   60.002   60.002 /home/uctpiaj/work/competition-creates-competition/numerics/exercises/c6_reserve.py:141(solve_reserve)
        1    0.002    0.002   59.987   59.987 /home/uctpiaj/work/competition-creates-competition/numerics/validation.py:171(validate)
        3    0.006    0.002   58.812   19.604 /home/uctpiaj/work/competition-creates-competition/numerics/deviations.py:112(deviation_scan)
      999    0.145    0.000   58.805    0.059 /home/uctpiaj/work/competition-creates-competition/numerics/deviations.py:67(U)
      994    0.569    0.001   58.503    0.059 /home/uctpiaj/work/competition-creates-competition/numerics/quadrature.py:41(convolve_full_line)
     1002    7.577    0.008   39.154    0.039 /home/uctpiaj/work/competition-creates-competition/numerics/quadrature.py:18(segments)
  4008029   18.198    0.000   26.770    0.000 /home/uctpiaj/work/competition-creates-competition/.venv/lib64/python3.12/site-packages/numpy/_core/function_base.py:27(linspace)
     1995    2.906    0.001   19.146    0.010 /home/uctpiaj/work/competition-creates-competition/numerics/quadrature.py:30(integrate_segments)
     1987    0.732    0.000   15.550    0.008 /home/uctpiaj/work/competition-creates-competition/numerics/quadrature.py:59(<lambda>)
     1987    0.136    0.000   12.063    0.006 /home/uctpiaj/work/competition-creates-competition/numerics/deviations.py:82(<lambda>)
     1993    0.794    0.000   11.929    0.006 /home/uctpiaj/work/competition-creates-competition/numerics/information.py:143(A)
     3217    1.692    0.001    9.602    0.003 /home/uctpiaj/work/competition-creates-competition/numerics/information.py:110(mu)
     8433    7.983    0.001    7.995    0.001 /home/uctpiaj/work/competition-creates-competition/numerics/noise.py:9(pdf)
     6446    2.187    0.000    7.902    0.001 /home/uctpiaj/work/competition-creates-competition/numerics/information.py:47(a)
  4008025    3.132    0.000    3.132    0.000 {method 'extend' of 'list' objects}
     1987    0.005    0.000    2.755    0.001 /home/uctpiaj/work/competition-creates-competition/numerics/quadrature.py:54(<lambda>)
    83810    0.072    0.000    2.195    0.000 /home/uctpiaj/work/competition-creates-competition/numerics/information.py:75(entry_at_posterior)
     2805    0.013    0.000    1.627    0.001 /home/uctpiaj/work/competition-creates-competition/numerics/information.py:122(entry_from_mu)
    83810    1.427    0.000    1.577    0.000 /home/uctpiaj/work/competition-creates-competition/numerics/information.py:65(cost_cdf)
  4008037    1.530    0.000    1.530    0.000 {built-in method numpy.arange}
  4011200    0.804    0.000    1.522    0.000 {built-in method builtins.max}
  4008029    0.875    0.000    1.293    0.000 /home/uctpiaj/work/competition-creates-competition/.venv/lib64/python3.12/site-packages/numpy/_core/numeric.py:1911(isscalar)
  4010043    1.197    0.000    1.197    0.000 {method 'reshape' of 'numpy.ndarray' objects}
  4008029    0.896    0.000    0.896    0.000 {method 'wrap' of 'numpy._core._multiarray_umath._array_converter' objects}
  4008046    0.797    0.000    0.797    0.000 {method 'astype' of 'numpy.ndarray' objects}
  4008029    0.769    0.000    0.769    0.000 {method 'result_type' of 'numpy._core._multiarray_umath._array_converter' objects}
      402    0.002    0.000    0.714    0.002 /home/uctpiaj/work/competition-creates-competition/numerics/validation.py:251(<genexpr>)
  4008029    0.707    0.000    0.707    0.000 {method 'as_arrays' of 'numpy._core._multiarray_umath._array_converter' objects}
      401    0.024    0.000    0.686    0.002 /home/uctpiaj/work/competition-creates-competition/numerics/validation.py:152(price_inverse)
    81002    0.063    0.000    0.661    0.000 /home/uctpiaj/work/competition-creates-competition/numerics/validation.py:156(<lambda>)


Traceback (most recent call last):
  File "<stdin>", line 11, in <module>
  File "/home/uctpiaj/work/competition-creates-competition/numerics/exercises/c6_reserve.py", line 174, in solve_reserve
    val = validate(cand.sched, CONTROLS, price_pools=True)
          ^^^^^^^^^^^^^^^^^^^^^^^^^^^^^^^^^^^^^^^^^^^^^^^^
  File "/home/uctpiaj/work/competition-creates-competition/numerics/validation.py", line 274, in validate
    sc = deviation_scan(sched, s, controls.refined_order_intervals, extra, n=64)
         ^^^^^^^^^^^^^^^^^^^^^^^^^^^^^^^^^^^^^^^^^^^^^^^^^^^^^^^^^^^^^^^^^^^^^^^
  File "/home/uctpiaj/work/competition-creates-competition/numerics/deviations.py", line 122, in deviation_scan
    u = U(sched, state, q, n)
        ^^^^^^^^^^^^^^^^^^^^^
  File "/home/uctpiaj/work/competition-creates-competition/numerics/deviations.py", line 82, in U
    v, e, tb = convolve_full_line(sched.prim.noise, b, "pdf", 1.0, lambda x: sched.A(x, state), list(sched.breakpoints),
               ^^^^^^^^^^^^^^^^^^^^^^^^^^^^^^^^^^^^^^^^^^^^^^^^^^^^^^^^^^^^^^^^^^^^^^^^^^^^^^^^^^^^^^^^^^^^^^^^^^^^^^^^^
  File "/home/uctpiaj/work/competition-creates-competition/numerics/quadrature.py", line 60, in convolve_full_line
    val = integrate_segments(f_int, segs, n)
          ^^^^^^^^^^^^^^^^^^^^^^^^^^^^^^^^^^
  File "/home/uctpiaj/work/competition-creates-competition/numerics/quadrature.py", line 37, in integrate_segments
    vals = fun(x.ravel()).reshape(x.shape)
           ^^^^^^^^^^^^^^
  File "/home/uctpiaj/work/competition-creates-competition/numerics/quadrature.py", line 59, in <lambda>
    f_int = lambda x: kmult * kernel(x - center) * A(x)
                                                   ^^^^
  File "/home/uctpiaj/work/competition-creates-competition/numerics/deviations.py", line 82, in <lambda>
    v, e, tb = convolve_full_line(sched.prim.noise, b, "pdf", 1.0, lambda x: sched.A(x, state), list(sched.breakpoints),
                                                                             ^^^^^^^^^^^^^^^^^
  File "/home/uctpiaj/work/competition-creates-competition/numerics/information.py", line 146, in A
    e = self.entry_from_mu(mu)
        ^^^^^^^^^^^^^^^^^^^^^^
  File "/home/uctpiaj/work/competition-creates-competition/numerics/information.py", line 122, in entry_from_mu
    def entry_from_mu(self, mu: np.ndarray) -> np.ndarray:

  File "<stdin>", line 6, in alarm
TimeoutError: 60-second bounded profile
