PASS manifest c1_baseline passed
PASS output hash unchanged: tables/auction_primitives.csv
PASS output hash unchanged: tables/equilibrium_controls.csv
PASS output hash unchanged: tables/extensions.csv
PASS output hash unchanged: numerics/baseline_deviations.csv
PASS output hash unchanged: numerics/feedback_comparisons.csv
PASS output hash unchanged: figures_data/two_returns.csv
PASS manifest c2_correspondence passed
PASS output hash unchanged: numerics/correspondence.csv
PASS output hash unchanged: numerics/correspondence_attempts.csv
PASS output hash unchanged: numerics/mixed_supports.csv
PASS output hash unchanged: numerics/mixed_search_attempts.csv
PASS output hash unchanged: numerics/thresholds.csv
PASS output hash unchanged: numerics/certificates.csv
PASS manifest c3_signals passed
PASS output hash unchanged: numerics/two_signals.csv
PASS output hash unchanged: numerics/two_signal_deviations.csv
PASS manifest c4_moderate passed
PASS output hash unchanged: numerics/moderate_values.csv
PASS output hash unchanged: numerics/moderate_controls.csv
PASS output hash unchanged: numerics/nonemptiness_construction.csv
PASS manifest c5_noise passed
PASS output hash unchanged: figures_data/posterior_tails.csv
PASS manifest c6_reserve passed
PASS output hash unchanged: tables/reserve_comparisons.csv
PASS output hash unchanged: numerics/reserve_continuations.csv
PASS output hash unchanged: numerics/reserve_ranges.csv
PASS manifest c6b_price_pools passed
PASS output hash unchanged: numerics/price_pool_regression.csv
PASS manifest c6c_reserve_events passed
PASS output hash unchanged: numerics/reserve_events.csv
PASS output hash unchanged: numerics/reserve_event_ranges.csv
PASS output hash unchanged: audit/peer_polish/c6c_20260905T234934475930Z.jsonl
PASS manifest c7_bargaining passed
PASS output hash unchanged: figures_data/bargaining.csv
PASS manifest c8_registry passed
PASS output hash unchanged: numerics/quantity_registry.csv
PASS manifest render passed
PASS output hash unchanged: figures/two_returns.pdf
PASS output hash unchanged: figures/equilibrium_correspondence.pdf
PASS output hash unchanged: figures/posterior_tail_entry.pdf
PASS output hash unchanged: figures/bargaining_weight.pdf
PASS output hash unchanged: tables/table1_auction_primitives.tex
PASS output hash unchanged: tables/table2_equilibrium_controls.tex
PASS output hash unchanged: tables/table3_extensions.tex
PASS output hash unchanged: tables/table4_reserve_comparisons.tex
PASS output hash unchanged: tables/table_matched_price.tex
PASS output hash unchanged: tables/matched_price.csv
PASS output hash unchanged: tables/table_extensions_margins.tex
PASS output hash unchanged: tables/extensions_margins.csv
PASS output hash unchanged: tables/table_signal_grid.tex
PASS output hash unchanged: tables/table_reserve_details.tex
PASS output hash unchanged: tables/table_reserve_exploratory.tex
PASS output hash unchanged: replication/quantity_dictionary.md
PASS output hash unchanged: replication/quantity_registry.csv
PASS declared node r=1.2 pooling_candidate accepted (eps_q=0.00e+00)
PASS declared node r=3 full_order_candidate accepted (eps_q=0.00e+00)
PASS declared node r=3.6 full_order_candidate accepted (eps_q=0.00e+00)
PASS certificate r=1.55 all predicates true
PASS certificate r=1.60 all predicates true
PASS certificate r=1.65 all predicates true
PASS threshold pooling_unique_sufficient residual 2.1e-17
PASS threshold pooling_existence residual -6.9e-18
PASS threshold full_orders_unique_sufficient residual 0.0e+00
PASS threshold high_cost_ceiling residual 8.9e-16
PASS registry base_h = 10 [input]
PASS registry base_ell = 1 [input]
PASS registry base_p = 0.5 [input]
PASS registry base_rho = 0.25 [input]
PASS registry base_c_low = 1 [input]
PASS registry base_c_high = 6 [input]
PASS registry base_b = 2 [input]
PASS registry base_k = 0.02 [input]
PASS registry base_r_weak = 1.2 [input]
PASS registry base_r_strong = 3 [input]
PASS registry base_r_collapse = 3.6 [input]
PASS registry moderate_h = 2 [input]
PASS registry moderate_ell = 1 [input]
PASS registry moderate_p = 0.5 [input]
PASS registry moderate_rho = 0.25 [input]
PASS registry moderate_c_low = 0.3 [input]
PASS registry moderate_c_high = 0.89 [input]
PASS registry moderate_b = 2 [input]
PASS registry moderate_k = 0.002 [input]
PASS registry moderate_r_weak = 1.05 [input]
PASS registry moderate_r_strong = 1.5 [input]
PASS registry signal_h = 10 [input]
PASS registry signal_ell = 1 [input]
PASS registry signal_p = 0.5 [input]
PASS registry signal_rho = 0.85 [input]
PASS registry signal_c_low = 1 [input]
PASS registry signal_c_high = 7.14 [input]
PASS registry signal_b = 2 [input]
PASS registry signal_k = 0.015 [input]
PASS registry signal_r_weak = 1.1 [input]
PASS registry signal_r_strong = 2.3 [input]
PASS registry signal_trader_accuracy_value = 0.70 [input]
PASS registry signal_buyer_accuracy_value = 0.75 [input]
PASS registry cost_halfwidth = 0.1 [input]
PASS registry value_band_halfwidth = 0.05 [input]
PASS registry value_reserve_high = 1.1 [input]
PASS registry cert_a_r = 1.55 [input]
PASS registry cert_b_r = 1.60 [input]
PASS registry cert_c_r = 1.65 [input]
PASS registry seed_python_version = 3.13.5 [input]
PASS registry seed_numpy_version = 2.3.5 [input]
PASS registry seed_scipy_version = 1.17.0 [input]
PASS registry seed_mpmath_version = 1.3.0 [input]
PASS registry base_entry_weak = 0.250000 [analytical]
PASS registry base_entry_strong = 0.522757 [analytical]
PASS registry base_entry_collapse = 0.250000 [analytical]
PASS registry base_frozen_entry_weak = 0.562178 [numerical diagnostic]
PASS registry base_hidden_entry_weak = 0.250000 [analytical]
PASS registry base_ownership_weak = 0.125000 [analytical]
PASS registry base_spread_weak = 0.016667 [analytical]
PASS registry base_profit_prior_weak = 4.804167 [analytical]
PASS registry base_frozen_entry_strong = 0.522757 [numerical diagnostic]
PASS registry base_hidden_entry_strong = 0.250000 [analytical]
PASS registry base_ownership_strong = 0.324192 [analytical]
PASS registry base_spread_strong = 0.666667 [analytical]
PASS registry base_profit_prior_strong = 4.291667 [analytical]
PASS registry base_revenue_feedback = 0.872392 [analytical]
PASS registry base_revenue_hidden = 0.614583 [analytical]
PASS registry base_matched_dividend = 0.257809 [numerical diagnostic]
PASS registry logistic_entry_strong = 0.301509 [analytical]
PASS registry logistic_flow_threshold = 5.424598398 [analytical]
PASS registry logistic_threshold_noise_sd = 1.495369 [analytical]
PASS registry cost_mix_laplace_entry_strong = 0.522715 [analytical]
PASS registry cost_mix_logistic_entry_strong = 0.301374 [analytical]
PASS registry moderate_entry_weak = 0.250000 [analytical]
PASS registry signal_entry_weak = 0.850000 [analytical]
PASS registry moderate_entry_strong = 0.526805 [analytical]
PASS registry signal_entry_strong = 0.879438 [analytical]
PASS registry signal_trader_accuracy = 70\% [input]
PASS registry signal_buyer_accuracy = 75\% [input]
PASS registry cert_a_v_interval = [0.46031618,\,0.46031620] [computer-assisted]
PASS registry cert_a_entry_interval = [0.5450528898,\,0.5450528922] [computer-assisted]
PASS registry cert_a_high_derivative_lower = 0.0000761777 [computer-assisted]
PASS registry cert_b_v_interval = [0.70747537,\,0.70747539] [computer-assisted]
PASS registry cert_b_entry_interval = [0.5487563062,\,0.5487563085] [computer-assisted]
PASS registry cert_b_high_derivative_lower = 0.0027531948 [computer-assisted]
PASS registry cert_c_v_interval = [0.90333198,\,0.90333201] [computer-assisted]
PASS registry cert_c_entry_interval = [0.5513607988,\,0.5513608020] [computer-assisted]
PASS registry cert_c_high_derivative_lower = 0.0054921767 [computer-assisted]
PASS registry value_entry_weak_high_p = 0.540309 [analytical]
PASS registry value_revenue_weak_low_p = 0.392665 [analytical]
PASS registry value_revenue_weak_high_p = 0.432173 [analytical]
PASS registry value_entry_strong_high_p = 0.511638 [analytical]
PASS registry value_revenue_strong_low_p = 0.872367 [analytical]
PASS registry value_revenue_strong_high_p = 1.014500 [analytical]
PASS registry base_m = 0.268941421 [analytical]
PASS registry base_M = 0.731058579 [analytical]
PASS registry base_r_pool_unique_sufficient = 1.220997512 [analytical]
PASS registry base_r_no_trade_exact = 1.747877538 [analytical]
PASS registry base_r_full_unique_sufficient = 2.837416964 [analytical]
PASS registry base_r_high_cost_ceiling = 3.592658519 [analytical]
PASS registry base_laplace_entry_ceiling_left_limit = 0.506477395 [analytical]
PASS registry base_margin_low_cost = 1.366178511e+0 [analytical]
PASS registry base_margin_high_prior = 1.195833333e+0 [analytical]
PASS registry base_margin_high_ceiling = 2.171548219e-1 [analytical]
PASS registry base_margin_weak_trade = 3.333333333e-3 [analytical]
PASS registry base_margin_strong_trade = 2.411785114e-3 [analytical]
PASS registry moderate_margin_low_cost = 1.965296363e-1 [analytical]
PASS registry moderate_margin_high_prior = 3.345238095e-2 [analytical]
PASS registry moderate_margin_high_ceiling = 3.013703041e-2 [analytical]
PASS registry moderate_margin_weak_trade = 8.095238095e-4 [analytical]
PASS registry moderate_margin_strong_trade = 8.014731393e-4 [analytical]
PASS registry signal_margin_low_cost = 7.734304988e-1 [analytical]
PASS registry signal_margin_high_prior = 5.250000000e-2 [analytical]
PASS registry signal_margin_high_ceiling = 4.526515342e-2 [analytical]
PASS registry signal_margin_weak_trade = 1.454545455e-3 [analytical]
PASS registry signal_margin_strong_trade = 1.797145730e-3 [analytical]
PASS registry base_net_surplus_gain = 0.080218 [analytical]
PASS registry base_revenue_gain = 0.257809 [analytical]
PASS registry base_minimum_theorem_margin = 2.411785114e-3 [analytical]
PASS registry moderate_minimum_theorem_margin = 8.014731393e-4 [analytical]
PASS registry signal_minimum_theorem_margin = 1.454545455e-3 [analytical]
PASS registry cert_a_psi_left_lower = 0.000000000114 [computer-assisted]
PASS registry cert_a_psi_right_upper = -0.000000000096 [computer-assisted]
PASS registry cert_b_psi_left_lower = 0.000000000123 [computer-assisted]
PASS registry cert_b_psi_right_upper = -0.000000000121 [computer-assisted]
PASS registry cert_c_psi_left_lower = 0.000000000172 [computer-assisted]
PASS registry cert_c_psi_right_upper = -0.000000000242 [computer-assisted]
PASS registry pool_reserve = 7 [input]
PASS registry pool_posterior_cutoff_low = 0.272979 [analytical]
PASS registry pool_posterior_cutoff_high = 0.303265 [analytical]
PASS registry pool_entry_cutoff_low = 0.151805 [analytical]
PASS registry pool_entry_cutoff_high = 0.125000 [analytical]
PASS registry pool_revenue_cutoff_low = 0.687364 [analytical]
PASS registry pool_revenue_cutoff_high = 0.609643 [analytical]
PASS registry base_entry_change_pp = 27.28 [analytical]
PASS registry moderate_entry_change_pp = 27.68 [analytical]
PASS registry signal_entry_change_pp = 2.94 [analytical]
PASS substitution: 102 filled, 0 unresolved, 0 unknown

VERIFY PASSED
