PASS manifest c1_baseline passed
PASS output hash unchanged: tables/auction_primitives.csv
PASS output hash unchanged: tables/equilibrium_controls.csv
PASS output hash unchanged: tables/extensions.csv
PASS output hash unchanged: numerics/baseline_deviations.csv
PASS output hash unchanged: numerics/feedback_comparisons.csv
PASS output hash unchanged: figures_data/two_returns.csv
PASS manifest c2_correspondence passed
PASS output hash unchanged: numerics/thresholds.csv
PASS output hash unchanged: numerics/certificates.csv
PASS output hash unchanged: numerics/correspondence.csv
PASS output hash unchanged: numerics/mixed_supports.csv
PASS manifest c3_signals passed
PASS output hash unchanged: numerics/two_signals.csv
PASS output hash unchanged: numerics/two_signal_deviations.csv
PASS manifest c4_moderate passed
PASS output hash unchanged: numerics/moderate_values.csv
PASS output hash unchanged: numerics/moderate_controls.csv
PASS output hash unchanged: numerics/nonemptiness_construction.csv
PASS manifest c5_noise passed
PASS output hash unchanged: figures_data/posterior_tails.csv
PASS manifest c6_reserve passed
PASS output hash unchanged: tables/reserve_comparisons.csv
PASS output hash unchanged: numerics/reserve_continuations.csv
PASS output hash unchanged: numerics/reserve_ranges.csv
PASS manifest c7_bargaining passed
PASS output hash unchanged: figures_data/bargaining.csv
PASS manifest c8_registry passed
PASS output hash unchanged: numerics/quantity_registry.csv
PASS manifest render passed
PASS output hash unchanged: figures/two_returns.pdf
PASS output hash unchanged: figures/equilibrium_correspondence.pdf
PASS output hash unchanged: figures/posterior_tail_entry.pdf
PASS output hash unchanged: figures/bargaining_weight.pdf
PASS output hash unchanged: tables/table1_auction_primitives.tex
PASS output hash unchanged: tables/table2_equilibrium_controls.tex
PASS output hash unchanged: tables/table3_extensions.tex
PASS output hash unchanged: tables/table_signal_grid.tex
PASS output hash unchanged: tables/table4_reserve_comparisons.tex
PASS declared node r=1.2 pooling_candidate accepted (eps_q=0.00e+00)
PASS declared node r=3 full_order_candidate accepted (eps_q=0.00e+00)
PASS declared node r=3.6 full_order_candidate accepted (eps_q=0.00e+00)
PASS certificate r=1.55 all predicates true
PASS certificate r=1.60 all predicates true
PASS certificate r=1.65 all predicates true
PASS threshold pooling_unique_sufficient residual 2.1e-17
PASS threshold pooling_existence residual -6.9e-18
PASS threshold full_orders_unique_sufficient residual 0.0e+00
PASS threshold high_cost_ceiling residual 8.9e-16
PASS registry base_h = 10 [input]
PASS registry base_ell = 1 [input]
PASS registry base_p = 0.5 [input]
PASS registry base_rho = 0.25 [input]
PASS registry base_c_low = 1 [input]
PASS registry base_c_high = 6 [input]
PASS registry base_b = 2 [input]
PASS registry base_k = 0.02 [input]
PASS registry base_r_weak = 1.2 [input]
PASS registry base_r_strong = 3 [input]
PASS registry base_r_collapse = 3.6 [input]
PASS registry moderate_h = 2 [input]
PASS registry moderate_ell = 1 [input]
PASS registry moderate_p = 0.5 [input]
PASS registry moderate_rho = 0.25 [input]
PASS registry moderate_c_low = 0.3 [input]
PASS registry moderate_c_high = 0.89 [input]
PASS registry moderate_b = 2 [input]
PASS registry moderate_k = 0.002 [input]
PASS registry moderate_r_weak = 1.05 [input]
PASS registry moderate_r_strong = 1.5 [input]
PASS registry signal_h = 10 [input]
PASS registry signal_ell = 1 [input]
PASS registry signal_p = 0.5 [input]
PASS registry signal_rho = 0.85 [input]
PASS registry signal_c_low = 1 [input]
PASS registry signal_c_high = 7.14 [input]
PASS registry signal_b = 2 [input]
PASS registry signal_k = 0.015 [input]
PASS registry signal_r_weak = 1.1 [input]
PASS registry signal_r_strong = 2.3 [input]
PASS registry signal_trader_accuracy_value = 0.70 [input]
PASS registry signal_buyer_accuracy_value = 0.75 [input]
PASS registry cost_halfwidth = 0.1 [input]
PASS registry value_band_halfwidth = 0.05 [input]
PASS registry value_reserve_high = 1.1 [input]
PASS registry cert_a_r = 1.55 [input]
PASS registry cert_b_r = 1.60 [input]
PASS registry cert_c_r = 1.65 [input]
PASS registry seed_python_version = 3.13.5 [input]
PASS registry seed_numpy_version = 2.3.5 [input]
PASS registry seed_scipy_version = 1.17.0 [input]
PASS registry seed_mpmath_version = 1.3.0 [input]
PASS registry base_entry_weak = 0.250000 [analytical]
PASS registry base_entry_strong = 0.522757 [analytical]
PASS registry base_entry_collapse = 0.250000 [analytical]
PASS registry base_frozen_entry_weak = 0.562178 [numerical diagnostic]
PASS registry base_hidden_entry_weak = 0.250000 [analytical]
PASS registry base_ownership_weak = 0.125000 [analytical]
PASS registry base_spread_weak = 0.016667 [analytical]
PASS registry base_profit_prior_weak = 4.804167 [analytical]
PASS registry base_frozen_entry_strong = 0.522757 [numerical diagnostic]
PASS registry base_hidden_entry_strong = 0.250000 [analytical]
PASS registry base_ownership_strong = 0.324192 [analytical]
PASS registry base_spread_strong = 0.666667 [analytical]
PASS registry base_profit_prior_strong = 4.291667 [analytical]
PASS registry base_revenue_feedback = 0.872392 [analytical]
PASS registry base_revenue_hidden = 0.614583 [analytical]
PASS registry base_matched_dividend = 0.257809 [numerical diagnostic]
PASS registry logistic_entry_strong = 0.301509 [analytical]
PASS registry logistic_flow_threshold = 5.424598398 [analytical]
PASS registry logistic_threshold_noise_sd = 1.495369 [analytical]
PASS registry cost_mix_laplace_entry_strong = 0.522715 [analytical]
PASS registry cost_mix_logistic_entry_strong = 0.301374 [analytical]
PASS registry moderate_entry_weak = 0.250000 [analytical]
PASS registry signal_entry_weak = 0.850000 [analytical]
PASS registry moderate_entry_strong = 0.526805 [analytical]
PASS registry signal_entry_strong = 0.879438 [analytical]
PASS registry signal_trader_accuracy = 70\% [input]
PASS registry signal_buyer_accuracy = 75\% [input]
PASS registry cert_a_v_interval = [0.46031618,\,0.46031620] [computer-assisted]
PASS registry cert_a_entry_interval = [0.5450528898,\,0.5450528922] [computer-assisted]
PASS registry cert_a_high_derivative_lower = 0.0000761777 [computer-assisted]
PASS registry cert_b_v_interval = [0.70747537,\,0.70747539] [computer-assisted]
PASS registry cert_b_entry_interval = [0.5487563062,\,0.5487563085] [computer-assisted]
PASS registry cert_b_high_derivative_lower = 0.0027531948 [computer-assisted]
PASS registry cert_c_v_interval = [0.90333198,\,0.90333201] [computer-assisted]
PASS registry cert_c_entry_interval = [0.5513607988,\,0.5513608020] [computer-assisted]
PASS registry cert_c_high_derivative_lower = 0.0054921767 [computer-assisted]
PASS registry value_entry_weak_high_p = 0.540309 [analytical]
PASS registry value_revenue_weak_low_p = 0.392665 [analytical]
PASS registry value_revenue_weak_high_p = 0.432173 [analytical]
PASS registry value_entry_strong_high_p = 0.511638 [analytical]
PASS registry value_revenue_strong_low_p = 0.872367 [analytical]
PASS registry value_revenue_strong_high_p = 1.014500 [analytical]
PASS registry base_m = 0.268941421 [analytical]
PASS registry base_M = 0.731058579 [analytical]
PASS registry base_r_pool_unique_sufficient = 1.220997512 [analytical]
PASS registry base_r_no_trade_exact = 1.747877538 [analytical]
PASS registry base_r_full_unique_sufficient = 2.837416964 [analytical]
PASS registry base_r_high_cost_ceiling = 3.592658519 [analytical]
PASS registry base_laplace_entry_ceiling_left_limit = 0.506477395 [analytical]
PASS registry base_margin_low_cost = 1.366178511e+0 [analytical]
PASS registry base_margin_high_prior = 1.195833333e+0 [analytical]
PASS registry base_margin_high_ceiling = 2.171548219e-1 [analytical]
PASS registry base_margin_weak_trade = 3.333333333e-3 [analytical]
PASS registry base_margin_strong_trade = 2.411785114e-3 [analytical]
PASS registry moderate_margin_low_cost = 1.965296363e-1 [analytical]
PASS registry moderate_margin_high_prior = 3.345238095e-2 [analytical]
PASS registry moderate_margin_high_ceiling = 3.013703041e-2 [analytical]
PASS registry moderate_margin_weak_trade = 8.095238095e-4 [analytical]PASS vendor lock complete (url, version, integrity, as)
PASS registry (118) and manifest (118) loaded
PASS crosscheck: closed forms agree with CSV rows (1e-9)
PASS CCC_DATA built (340723 bytes)
PASS fig1 slice nonempty
PASS fig2 slice nonempty
PASS fig3 slice nonempty
PASS fig4 slice nonempty
PASS data script free of NaN, Infinity, </script, <!--
PASS tables rendered (8)
PASS section fragments found (10)
PASS 01-claim.html: no placeholders left
PASS 01-claim.html: no slot markers left
PASS 01-claim.html: <details> balanced (0 open, 0 close)
PASS 01-claim.html: <section> balanced (1 open, 1 close)
PASS 01-claim.html: <figure> balanced (0 open, 0 close)
PASS 01-claim.html: <table> balanced (0 open, 0 close)
PASS 01-claim.html: <div> balanced (4 open, 4 close)
PASS 01-claim.html: <ol> balanced (0 open, 0 close)
PASS 01-claim.html: <ul> balanced (0 open, 0 close)
PASS 01-claim.html: <dl> balanced (0 open, 0 close)
PASS 01-claim.html: inline math delimiters balanced
PASS 01-claim.html: display math delimiters balanced
PASS 01-claim.html: no $ delimiters outside <code>
PASS 01-claim.html: no raw < before a letter inside math (0 found)
PASS 01-claim.html: exactly one <section class="sec" id="sec-…"> (1)
PASS 01-claim.html: exactly one <h2>
PASS 01-claim.html: no <h1>
PASS 01-claim.html: no <script>
PASS 01-claim.html: no style= attributes
PASS 01-claim.html: every <h3> has an id (0 h3)
PASS 02-position.html: no placeholders left
PASS 02-position.html: no slot markers left
PASS 02-position.html: <details> balanced (1 open, 1 close)
PASS 02-position.html: <section> balanced (1 open, 1 close)
PASS 02-position.html: <figure> balanced (0 open, 0 close)
PASS 02-position.html: <table> balanced (0 open, 0 close)
PASS 02-position.html: <div> balanced (0 open, 0 close)
PASS 02-position.html: <ol> balanced (0 open, 0 close)
PASS 02-position.html: <ul> balanced (0 open, 0 close)
PASS 02-position.html: <dl> balanced (0 open, 0 close)
PASS 02-position.html: inline math delimiters balanced
PASS 02-position.html: display math delimiters balanced
PASS 02-position.html: no $ delimiters outside <code>
PASS 02-position.html: no raw < before a letter inside math (0 found)
PASS 02-position.html: exactly one <section class="sec" id="sec-…"> (1)
PASS 02-position.html: exactly one <h2>
PASS 02-position.html: no <h1>
PASS 02-position.html: no <script>
PASS 02-position.html: no style= attributes
PASS 02-position.html: every <h3> has an id (0 h3)
PASS 03-model.html: no placeholders left
PASS 03-model.html: no slot markers left
PASS 03-model.html: <details> balanced (0 open, 0 close)
PASS 03-model.html: <section> balanced (1 open, 1 close)
PASS 03-model.html: <figure> balanced (0 open, 0 close)
PASS 03-model.html: <table> balanced (0 open, 0 close)
PASS 03-model.html: <div> balanced (9 open, 9 close)
PASS 03-model.html: <ol> balanced (1 open, 1 close)
PASS 03-model.html: <ul> balanced (0 open, 0 close)
PASS 03-model.html: <dl> balanced (1 open, 1 close)
PASS 03-model.html: inline math delimiters balanced
PASS 03-model.html: display math delimiters balanced
PASS 03-model.html: no $ delimiters outside <code>
PASS 03-model.html: no raw < before a letter inside math (0 found)
PASS 03-model.html: exactly one <section class="sec" id="sec-…"> (1)
PASS 03-model.html: exactly one <h2>
PASS 03-model.html: no <h1>
PASS 03-model.html: no <script>
PASS 03-model.html: no style= attributes
PASS 03-model.html: every <h3> has an id (5 h3)
PASS 04-two-returns.html: no placeholders left
PASS 04-two-returns.html: no slot markers left
PASS 04-two-returns.html: <details> balanced (4 open, 4 close)
PASS 04-two-returns.html: <section> balanced (1 open, 1 close)
PASS 04-two-returns.html: <figure> balanced (1 open, 1 close)
PASS 04-two-returns.html: <table> balanced (0 open, 0 close)
PASS 04-two-returns.html: <div> balanced (12 open, 12 close)
PASS 04-two-returns.html: <ol> balanced (0 open, 0 close)
PASS 04-two-returns.html: <ul> balanced (0 open, 0 close)
PASS 04-two-returns.html: <dl> balanced (0 open, 0 close)
PASS 04-two-returns.html: inline math delimiters balanced
PASS 04-two-returns.html: display math delimiters balanced
PASS 04-two-returns.html: no $ delimiters outside <code>
PASS 04-two-returns.html: no raw < before a letter inside math (0 found)
PASS 04-two-returns.html: exactly one <section class="sec" id="sec-…"> (1)
PASS 04-two-returns.html: exactly one <h2>
PASS 04-two-returns.html: no <h1>
PASS 04-two-returns.html: no <script>
PASS 04-two-returns.html: no style= attributes
PASS 04-two-returns.html: every <h3> has an id (4 h3)
PASS 05-results.html: no placeholders left
PASS 05-results.html: no slot markers left
PASS 05-results.html: <details> balanced (5 open, 5 close)
PASS 05-results.html: <section> balanced (1 open, 1 close)
PASS 05-results.html: <figure> balanced (4 open, 4 close)
PASS 05-results.html: <table> balanced (3 open, 3 close)
PASS 05-results.html: <div> balanced (14 open, 14 close)
PASS 05-results.html: <ol> balanced (0 open, 0 close)
PASS 05-results.html: <ul> balanced (0 open, 0 close)
PASS 05-results.html: <dl> balanced (0 open, 0 close)
PASS 05-results.html: inline math delimiters balanced
PASS 05-results.html: display math delimiters balanced
PASS 05-results.html: no $ delimiters outside <code>
PASS 05-results.html: no raw < before a letter inside math (0 found)
PASS 05-results.html: exactly one <section class="sec" id="sec-…"> (1)
PASS 05-results.html: exactly one <h2>
PASS 05-results.html: no <h1>
PASS 05-results.html: no <script>
PASS 05-results.html: no style= attributes
PASS 05-results.html: every <h3> has an id (3 h3)
PASS 06-robustness.html: no placeholders left
PASS 06-robustness.html: no slot markers left
PASS 06-robustness.html: <details> balanced (1 open, 1 close)
PASS 06-robustness.html: <section> balanced (1 open, 1 close)
PASS 06-robustness.html: <figure> balanced (2 open, 2 close)
PASS 06-robustness.html: <table> balanced (1 open, 1 close)
PASS 06-robustness.html: <div> balanced (2 open, 2 close)
PASS 06-robustness.html: <ol> balanced (0 open, 0 close)
PASS 06-robustness.html: <ul> balanced (0 open, 0 close)
PASS 06-robustness.html: <dl> balanced (0 open, 0 close)
PASS 06-robustness.html: inline math delimiters balanced
PASS 06-robustness.html: display math delimiters balanced
PASS 06-robustness.html: no $ delimiters outside <code>
PASS 06-robustness.html: no raw < before a letter inside math (0 found)
PASS 06-robustness.html: exactly one <section class="sec" id="sec-…"> (1)
PASS 06-robustness.html: exactly one <h2>
PASS 06-robustness.html: no <h1>
PASS 06-robustness.html: no <script>
PASS 06-robustness.html: no style= attributes
PASS 06-robustness.html: every <h3> has an id (3 h3)
PASS 07-welfare.html: no placeholders left
PASS 07-welfare.html: no slot markers left
PASS 07-welfare.html: <details> balanced (2 open, 2 close)
PASS 07-welfare.html: <section> balanced (1 open, 1 close)
PASS 07-welfare.html: <figure> balanced (3 open, 3 close)
PASS 07-welfare.html: <table> balanced (2 open, 2 close)
PASS 07-welfare.html: <div> balanced (4 open, 4 close)
PASS 07-welfare.html: <ol> balanced (0 open, 0 close)
PASS 07-welfare.html: <ul> balanced (0 open, 0 close)
PASS 07-welfare.html: <dl> balanced (0 open, 0 close)
PASS 07-welfare.html: inline math delimiters balanced
PASS 07-welfare.html: display math delimiters balanced
PASS 07-welfare.html: no $ delimiters outside <code>
PASS 07-welfare.html: no raw < before a letter inside math (0 found)
PASS 07-welfare.html: exactly one <section class="sec" id="sec-…"> (1)
PASS 07-welfare.html: exactly one <h2>
PASS 07-welfare.html: no <h1>
PASS 07-welfare.html: no <script>
PASS 07-welfare.html: no style= attributes
PASS 07-welfare.html: every <h3> has an id (3 h3)
PASS 08-statics.html: no placeholders left
PASS 08-statics.html: no slot markers left
PASS 08-statics.html: <details> balanced (0 open, 0 close)
PASS 08-statics.html: <section> balanced (1 open, 1 close)
PASS 08-statics.html: <figure> balanced (3 open, 3 close)
PASS 08-statics.html: <table> balanced (3 open, 3 close)
PASS 08-statics.html: <div> balanced (3 open, 3 close)
PASS 08-statics.html: <ol> balanced (0 open, 0 close)
PASS 08-statics.html: <ul> balanced (0 open, 0 close)
PASS 08-statics.html: <dl> balanced (0 open, 0 close)
PASS 08-statics.html: inline math delimiters balanced
PASS 08-statics.html: display math delimiters balanced
PASS 08-statics.html: no $ delimiters outside <code>
PASS 08-statics.html: no raw < before a letter inside math (0 found)
PASS 08-statics.html: exactly one <section class="sec" id="sec-…"> (1)
PASS 08-statics.html: exactly one <h2>
PASS 08-statics.html: no <h1>
PASS 08-statics.html: no <script>
PASS 08-statics.html: no style= attributes
PASS 08-statics.html: every <h3> has an id (0 h3)
PASS 09-outlook.html: no placeholders left
PASS 09-outlook.html: no slot markers left
PASS 09-outlook.html: <details> balanced (0 open, 0 close)
PASS 09-outlook.html: <section> balanced (1 open, 1 close)
PASS 09-outlook.html: <figure> balanced (0 open, 0 close)
PASS 09-outlook.html: <table> balanced (0 open, 0 close)
PASS 09-outlook.html: <div> balanced (0 open, 0 close)
PASS 09-outlook.html: <ol> balanced (0 open, 0 close)
PASS 09-outlook.html: <ul> balanced (0 open, 0 close)
PASS 09-outlook.html: <dl> balanced (0 open, 0 close)
PASS 09-outlook.html: inline math delimiters balanced
PASS 09-outlook.html: display math delimiters balanced
PASS 09-outlook.html: no $ delimiters outside <code>
PASS 09-outlook.html: no raw < before a letter inside math (0 found)
PASS 09-outlook.html: exactly one <section class="sec" id="sec-…"> (1)
PASS 09-outlook.html: exactly one <h2>
PASS 09-outlook.html: no <h1>
PASS 09-outlook.html: no <script>
PASS 09-outlook.html: no style= attributes
PASS 09-outlook.html: every <h3> has an id (2 h3)
PASS appendix.html: no placeholders left
PASS appendix.html: no slot markers left
PASS appendix.html: <details> balanced (1 open, 1 close)
PASS appendix.html: <section> balanced (1 open, 1 close)
PASS appendix.html: <figure> balanced (0 open, 0 close)
PASS appendix.html: <table> balanced (1 open, 1 close)
PASS appendix.html: <div> balanced (1 open, 1 close)
PASS appendix.html: <ol> balanced (0 open, 0 close)
PASS appendix.html: <ul> balanced (0 open, 0 close)
PASS appendix.html: <dl> balanced (0 open, 0 close)
PASS appendix.html: inline math delimiters balanced
PASS appendix.html: display math delimiters balanced
PASS appendix.html: no $ delimiters outside <code>
PASS appendix.html: no raw < before a letter inside math (0 found)
PASS appendix.html: exactly one <section class="sec" id="sec-…"> (1)
PASS appendix.html: exactly one <h2>
PASS appendix.html: no <h1>
PASS appendix.html: no <script>
PASS appendix.html: no style= attributes
PASS appendix.html: every <h3> has an id (0 h3)
PASS chart mount chart-fig1 appears exactly once (1)
PASS chart mount chart-fig2 appears exactly once (1)
PASS chart mount chart-fig3 appears exactly once (1)
PASS chart mount chart-fig4 appears exactly once (1)
PASS explorer mount appears exactly once (1)
PASS template.html present
PASS style.css present
PASS app.js present
PASS app.js contains no </script
PASS charts.js present
PASS charts.js contains no </script
PASS explorer.js present
PASS explorer.js contains no </script
PASS template has slot @@VENDOR_HEAD@@
PASS template has slot @@STYLE@@
PASS template has slot @@TOC@@
PASS template has slot @@SECTIONS@@
PASS template has slot @@DATA@@
PASS template has slot @@APP@@
PASS template has slot @@CHARTS@@
PASS template has slot @@EXPLORER@@
PASS template has slot @@VENDOR_SCRIPTS@@
PASS template has slot @@BUILD_META@@
PASS no slot markers left in the page
PASS copied main_filled.pdf
PASS copied online_appendix_filled.pdf
PASS output has no [[name]] placeholders left
PASS embedded CCC_DATA parses as JSON
PASS four vendor tags carry integrity and crossorigin (4)
PASS output has one chart-fig1 mount
PASS output has one chart-fig2 mount
PASS output has one chart-fig3 mount
PASS output has one chart-fig4 mount
PASS output has one explorer mount
PASS output carries no timestamps

HANDOUT BUILD PASSED

PASS registry moderate_margin_strong_trade = 8.014731393e-4 [analytical]
PASS registry signal_margin_low_cost = 7.734304988e-1 [analytical]
PASS registry signal_margin_high_prior = 5.250000000e-2 [analytical]
PASS registry signal_margin_high_ceiling = 4.526515342e-2 [analytical]
PASS registry signal_margin_weak_trade = 1.454545455e-3 [analytical]
PASS registry signal_margin_strong_trade = 1.797145730e-3 [analytical]
PASS registry base_net_surplus_gain = 0.080218 [analytical]
PASS registry base_revenue_gain = 0.257809 [analytical]
PASS registry base_minimum_theorem_margin = 2.411785114e-3 [analytical]
PASS registry moderate_minimum_theorem_margin = 8.014731393e-4 [analytical]
PASS registry signal_minimum_theorem_margin = 1.454545455e-3 [analytical]
PASS registry cert_a_psi_left_lower = 0.000000000114 [computer-assisted]
PASS registry cert_a_psi_right_upper = -0.000000000096 [computer-assisted]
PASS registry cert_b_psi_left_lower = 0.000000000123 [computer-assisted]
PASS registry cert_b_psi_right_upper = -0.000000000121 [computer-assisted]
PASS registry cert_c_psi_left_lower = 0.000000000172 [computer-assisted]
PASS registry cert_c_psi_right_upper = -0.000000000242 [computer-assisted]
PASS substitution: 95 filled, 0 unresolved, 0 unknown
PASS handout build passed

VERIFY PASSED
