T02/T03 auction layer ...
thresholds ...
T07 order scans: 78 benchmark-type schedules on 8 workers ...
T07 class-economy reserve scans: 4 ...
scans done at 526s; T04-T10 objects ...
T11 ... (531s)
reserve rows ... (531s)
T14 signal scans: 100 schedules ... (531s)
T14/T15 signal objects ... (1611s)
{
 "T02": {
  "pass": 140,
  "FAIL": 0,
  "info": 0,
  "open": 0,
  "required_fail": 0
 },
 "T03": {
  "pass": 206,
  "FAIL": 0,
  "info": 48,
  "open": 0,
  "required_fail": 0
 },
 "thresholds": {
  "pass": 29,
  "FAIL": 0,
  "info": 0,
  "open": 0,
  "required_fail": 0
 },
 "landmark": {
  "pass": 10,
  "FAIL": 0,
  "info": 0,
  "open": 0,
  "required_fail": 0
 },
 "T04": {
  "pass": 1092,
  "FAIL": 0,
  "info": 0,
  "open": 0,
  "required_fail": 0
 },
 "T05": {
  "pass": 216,
  "FAIL": 0,
  "info": 0,
  "open": 0,
  "required_fail": 0
 },
 "T07": {
  "pass": 104,
  "FAIL": 0,
  "info": 0,
  "open": 0,
  "required_fail": 0
 },
 "T06": {
  "pass": 82,
  "FAIL": 0,
  "info": 2,
  "open": 0,
  "required_fail": 0
 },
 "T08": {
  "pass": 24,
  "FAIL": 0,
  "info": 0,
  "open": 0,
  "required_fail": 0
 },
 "T09": {
  "pass": 144,
  "FAIL": 0,
  "info": 0,
  "open": 0,
  "required_fail": 0
 },
 "T10": {
  "pass": 44,
  "FAIL": 0,
  "info": 6,
  "open": 0,
  "required_fail": 0
 },
 "T11": {
  "pass": 22,
  "FAIL": 0,
  "info": 0,
  "open": 0,
  "required_fail": 0
 },
 "T12": {
  "pass": 54,
  "FAIL": 0,
  "info": 12,
  "open": 0,
  "required_fail": 0
 },
 "T13": {
  "pass": 21,
  "FAIL": 0,
  "info": 0,
  "open": 0,
  "required_fail": 0
 },
 "T15": {
  "pass": 153,
  "FAIL": 0,
  "info": 0,
  "open": 0,
  "required_fail": 0
 },
 "T14": {
  "pass": 3451,
  "FAIL": 0,
  "info": 0,
  "open": 0,
  "required_fail": 0
 },
 "provenance": {
  "pass": 10,
  "FAIL": 0,
  "info": 0,
  "open": 0,
  "required_fail": 0
 }
}
total checks 5870; required failures 0; elapsed 1639s
