[peer-circulation-fix 6aac3ca] Complete audited peer-circulation revision and reproducible build
 663 files changed, 345831 insertions(+), 123617 deletions(-)
 create mode 100644 Makefile
 create mode 100644 audit/peer_polish/c2_full_before_interior_polish/c2_correspondence.json
 create mode 100644 audit/peer_polish/c2_full_before_interior_polish/certificates.csv
 create mode 100644 audit/peer_polish/c2_full_before_interior_polish/correspondence.csv
 create mode 100644 audit/peer_polish/c2_full_before_interior_polish/correspondence_attempts.csv
 create mode 100644 audit/peer_polish/c2_full_before_interior_polish/mixed_search_attempts.csv
 create mode 100644 audit/peer_polish/c2_full_before_interior_polish/mixed_supports.csv
 create mode 100644 audit/peer_polish/c2_full_before_interior_polish/thresholds.csv
 create mode 100644 audit/peer_polish/c2_full_source_snapshot.json
 create mode 100644 audit/peer_polish/c2_interior_polish/c2_correspondence.json
 create mode 100644 audit/peer_polish/c2_interior_polish/certificates.csv
 create mode 100644 audit/peer_polish/c2_interior_polish/correspondence.csv
 create mode 100644 audit/peer_polish/c2_interior_polish/correspondence_attempts.csv
 create mode 100644 audit/peer_polish/c2_interior_polish/mixed_search_attempts.csv
 create mode 100644 audit/peer_polish/c2_interior_polish/mixed_supports.csv
 create mode 100644 audit/peer_polish/c2_interior_polish/thresholds.csv
 create mode 100644 audit/peer_polish/c2_merge_revalidation.py
 create mode 100644 audit/peer_polish/c2_quick_final/c2_correspondence.json
 create mode 100644 audit/peer_polish/c2_quick_final/certificates.csv
 create mode 100644 audit/peer_polish/c2_quick_final/correspondence.csv
 create mode 100644 audit/peer_polish/c2_quick_final/correspondence_attempts.csv
 create mode 100644 audit/peer_polish/c2_quick_final/mixed_search_attempts.csv
 create mode 100644 audit/peer_polish/c2_quick_final/mixed_supports.csv
 create mode 100644 audit/peer_polish/c2_quick_final/thresholds.csv
 create mode 100644 audit/peer_polish/c2_quick_vm/c2_correspondence.json
 create mode 100644 audit/peer_polish/c2_quick_vm/certificates.csv
 create mode 100644 audit/peer_polish/c2_quick_vm/correspondence.csv
 create mode 100644 audit/peer_polish/c2_quick_vm/correspondence_attempts.csv
 create mode 100644 audit/peer_polish/c2_quick_vm/mixed_search_attempts.csv
 create mode 100644 audit/peer_polish/c2_quick_vm/mixed_supports.csv
 create mode 100644 audit/peer_polish/c2_quick_vm/thresholds.csv
 create mode 100644 audit/peer_polish/c2_root_polish/c2_correspondence.json
 create mode 100644 audit/peer_polish/c2_root_polish/certificates.csv
 create mode 100644 audit/peer_polish/c2_root_polish/correspondence.csv
 create mode 100644 audit/peer_polish/c2_root_polish/correspondence_attempts.csv
 create mode 100644 audit/peer_polish/c2_root_polish/mixed_search_attempts.csv
 create mode 100644 audit/peer_polish/c2_root_polish/mixed_supports.csv
 create mode 100644 audit/peer_polish/c2_root_polish/thresholds.csv
 create mode 100644 audit/peer_polish/c6_20260905T233226530208Z/initial.jsonl
 create mode 100644 audit/peer_polish/c6_20260905T233226530208Z/interrupted_for_endpoint_refinement.json
 create mode 100644 audit/peer_polish/c6_20260905T233640627218Z/initial.jsonl
 create mode 100644 audit/peer_polish/c6_20260905T233640627218Z/refinement.jsonl
 create mode 100644 audit/peer_polish/c6_20260905T235005163198Z/initial.jsonl
 create mode 100644 audit/peer_polish/c6_20260905T235005163198Z/refinement.jsonl
 create mode 100644 audit/peer_polish/c6_20260905T235301335190Z/initial.jsonl
 create mode 100644 audit/peer_polish/c6_20260905T235301335190Z/refinement.jsonl
 create mode 100644 audit/peer_polish/c6_before_endpoint_refinement.py
 create mode 100644 audit/peer_polish/c6_before_status_finalization/c6_reserve.json
 create mode 100644 audit/peer_polish/c6_before_status_finalization/reserve_comparisons.csv
 create mode 100644 audit/peer_polish/c6_before_status_finalization/reserve_continuations.csv
 create mode 100644 audit/peer_polish/c6_before_status_finalization/reserve_ranges.csv
 create mode 100644 audit/peer_polish/c6_final_vm_manifest.json
 create mode 100644 audit/peer_polish/c6_fixed_vm/audit/peer_polish/c6_20260905T232927286058Z/initial.jsonl
 create mode 100644 audit/peer_polish/c6_fixed_vm/numerics/manifests/c6_fixed_reserves.json
 create mode 100644 audit/peer_polish/c6_fixed_vm/numerics/reserve_fixed_continuations.csv
 create mode 100644 audit/peer_polish/c6_fixed_vm/numerics/reserve_fixed_ranges.csv
 create mode 100644 audit/peer_polish/c6_fixed_vm/tables/reserve_comparisons.csv
 create mode 100644 audit/peer_polish/c6_ledger_verification.json
 create mode 100644 audit/peer_polish/c6c_20260905T233236372589Z.jsonl
 create mode 100644 audit/peer_polish/c6c_20260905T233647072695Z.jsonl
 create mode 100644 audit/peer_polish/c6c_20260905T234934475930Z.jsonl
 create mode 100644 audit/peer_polish/c6c_before_status_finalization/c6c_reserve_events.json
 create mode 100644 audit/peer_polish/c6c_before_status_finalization/reserve_event_ranges.csv
 create mode 100644 audit/peer_polish/c6c_before_status_finalization/reserve_events.csv
 create mode 100644 audit/peer_polish/c6c_first_vm.json
 create mode 100644 audit/peer_polish/check_c6_ledger.py
 create mode 100644 audit/peer_polish/completion_report.md
 create mode 100644 audit/peer_polish/figures_qa/bargaining_weight.png
 create mode 100644 audit/peer_polish/figures_qa/bargaining_weight_final_gray.png
 create mode 100644 audit/peer_polish/figures_qa/bargaining_weight_gray.png
 create mode 100644 audit/peer_polish/figures_qa/equilibrium_correspondence.png
 create mode 100644 audit/peer_polish/figures_qa/equilibrium_correspondence_final.png
 create mode 100644 audit/peer_polish/figures_qa/equilibrium_correspondence_final_gray.png
 create mode 100644 audit/peer_polish/figures_qa/equilibrium_correspondence_gray.png
 create mode 100644 audit/peer_polish/figures_qa/inspection.md
 create mode 100644 audit/peer_polish/figures_qa/posterior_tail_entry.png
 create mode 100644 audit/peer_polish/figures_qa/posterior_tail_entry_gray.png
 create mode 100644 audit/peer_polish/figures_qa/two_returns_gray.png
 create mode 100644 audit/peer_polish/independent_checks.json
 create mode 100644 audit/peer_polish/independent_input_bindings.json
 create mode 100644 audit/peer_polish/independent_inputs/audit/peer_polish/c6_fixed_vm/tables/reserve_comparisons.csv
 create mode 100644 audit/peer_polish/independent_inputs/figures_data/posterior_tails.csv
 create mode 100644 audit/peer_polish/independent_inputs/numerics/feedback_comparisons.csv
 create mode 100644 audit/peer_polish/independent_inputs/numerics/moderate_values.csv
 create mode 100644 audit/peer_polish/independent_inputs/numerics/quantity_registry.csv
 create mode 100644 audit/peer_polish/independent_inputs/numerics/thresholds.csv
 create mode 100644 audit/peer_polish/independent_inputs/numerics/two_signals.csv
 create mode 100644 audit/peer_polish/independent_inputs/tables/auction_primitives.csv
 create mode 100644 audit/peer_polish/independent_inputs/tables/equilibrium_controls.csv
 create mode 100644 audit/peer_polish/independent_inputs/tables/extensions.csv
 create mode 100644 audit/peer_polish/issue_ledger.csv
 create mode 100644 audit/peer_polish/label_map_final.md
 create mode 100644 audit/peer_polish/logs/c2_final_row_checks.log
 create mode 100644 audit/peer_polish/logs/c2_full_vm.log
 create mode 100644 audit/peer_polish/logs/c2_full_vm_final.log
 create mode 100644 audit/peer_polish/logs/c2_interior_polish.log
 create mode 100644 audit/peer_polish/logs/c2_merge_revalidation.log
 create mode 100644 audit/peer_polish/logs/c2_quick_final.log
 create mode 100644 audit/peer_polish/logs/c2_quick_vm.log
 create mode 100644 audit/peer_polish/logs/c2_root_polish.log
 create mode 100644 audit/peer_polish/logs/c2_tests_after.log
 create mode 100644 audit/peer_polish/logs/c2_tests_before.log
 create mode 100644 audit/peer_polish/logs/c2_tests_final.log
 create mode 100644 audit/peer_polish/logs/c6_audit_tests_vm.log
 create mode 100644 audit/peer_polish/logs/c6_audit_vm.md
 create mode 100644 audit/peer_polish/logs/c6_fixed_vm.log
 create mode 100644 audit/peer_polish/logs/c6_full_vm.log
 create mode 100644 audit/peer_polish/logs/c6_full_vm_refined.log
 create mode 100644 audit/peer_polish/logs/c6_ledger_verification.log
 create mode 100644 audit/peer_polish/logs/c6_p8_profile.log
 create mode 100644 audit/peer_polish/logs/c6_rerun.log
 create mode 100644 audit/peer_polish/logs/c6_vm_identity_replay.log
 create mode 100644 audit/peer_polish/logs/c6_vm_status_replay.log
 create mode 100644 audit/peer_polish/logs/c6b_vm_repair.log
 create mode 100644 audit/peer_polish/logs/c6c_vm.log
 create mode 100644 audit/peer_polish/logs/c6c_vm_refined.log
 create mode 100644 audit/peer_polish/logs/c6c_vm_status_replay.log
 create mode 100644 audit/peer_polish/logs/continuation_adapter_repair.md
 create mode 100644 audit/peer_polish/logs/continuation_adapter_tests.log
 create mode 100644 audit/peer_polish/logs/final_build_vm.log
 create mode 100644 audit/peer_polish/logs/final_diff_check.log
 create mode 100644 audit/peer_polish/logs/final_reproduction_comparison_vm.log
 create mode 100644 audit/peer_polish/logs/fresh_presentation_refresh_vm.log
 create mode 100644 audit/peer_polish/logs/fresh_reproduction_vm.log
 create mode 100644 audit/peer_polish/logs/layout_preview_latex_retry.log
 create mode 100644 audit/peer_polish/logs/main_final_page_render.log
 create mode 100644 audit/peer_polish/logs/main_page_render.log
 create mode 100644 audit/peer_polish/logs/oa_delivery_page_render.log
 create mode 100644 audit/peer_polish/logs/oa_final_page_render.log
 create mode 100644 audit/peer_polish/logs/oa_release_page_render.log
 create mode 100644 audit/peer_polish/logs/precommit_verify_final.log
 create mode 100644 audit/peer_polish/logs/release_-m.log
 create mode 100644 audit/peer_polish/logs/release_check_registry.log
 create mode 100644 audit/peer_polish/logs/release_latex.log
 create mode 100644 audit/peer_polish/logs/release_registry.log
 create mode 100644 audit/peer_polish/logs/release_release_checks.log
 create mode 100644 audit/peer_polish/logs/release_render_all.log
 create mode 100644 audit/peer_polish/logs/release_substitute.log
 create mode 100644 audit/peer_polish/logs/release_verify.log
 create mode 100644 audit/peer_polish/logs/release_verify_core_bindings.log
 create mode 100644 audit/peer_polish/logs/s0_baseline_check_registry.log
 create mode 100644 audit/peer_polish/logs/s0_baseline_latex.log
 create mode 100644 audit/peer_polish/logs/s0_baseline_registry.log
 create mode 100644 audit/peer_polish/logs/s0_baseline_render_all.log
 create mode 100644 audit/peer_polish/logs/s0_baseline_substitute.log
 create mode 100644 audit/peer_polish/logs/s0_baseline_verify_final.log
 create mode 100644 audit/peer_polish/logs/s1_certificates_delivery_vm.log
 create mode 100644 audit/peer_polish/logs/s1_certificates_final_vm.log
 create mode 100644 audit/peer_polish/logs/s1_core_bindings_vm.log
 create mode 100644 audit/peer_polish/logs/s1_core_producers_vm.log
 create mode 100644 audit/peer_polish/logs/s1_cutoff_producers_vm.log
 create mode 100644 audit/peer_polish/logs/s1_independent_checks.md
 create mode 100644 audit/peer_polish/logs/s1_independent_checks_run.log
 create mode 100644 audit/peer_polish/logs/s1_independent_checks_vm.log
 create mode 100644 audit/peer_polish/logs/s1_vm_completion.md
 create mode 100644 audit/peer_polish/logs/s2_c6c_reserve_events.log
 create mode 100644 audit/peer_polish/logs/s2_tests.log
 create mode 100644 audit/peer_polish/logs/s2_verify_c1.log
 create mode 100644 audit/peer_polish/logs/s3_c2_revision.md
 create mode 100644 audit/peer_polish/logs/s4_s5_manuscript_resume.md
 create mode 100644 audit/peer_polish/logs/s5_presentation_vm.md
 create mode 100644 audit/peer_polish/logs/s6_negative_retry.log
 create mode 100644 audit/peer_polish/logs/s6_negative_tests.json
 create mode 100644 audit/peer_polish/logs/statement_layout_tests.log
 create mode 100644 audit/peer_polish/logs/vm_initial_tests.log
 create mode 100644 audit/peer_polish/logs/vm_initial_verify_c1.log
 create mode 100644 audit/peer_polish/manuscript_c2_claim_checks.json
 create mode 100644 audit/peer_polish/manuscript_schema_audit.json
 create mode 100644 audit/peer_polish/manuscript_source_audit.json
 create mode 100644 audit/peer_polish/pre_cutoff_tags/numerics/moderate_controls.csv
 create mode 100644 audit/peer_polish/pre_cutoff_tags/numerics/two_signals.csv
 create mode 100644 audit/peer_polish/pre_cutoff_tags/tables/equilibrium_controls.csv
 create mode 100644 audit/peer_polish/raw_failures/s1_bindings_declaration_scope.log
 create mode 100644 audit/peer_polish/raw_failures/s6_negative_missing_key_diagnostic.log
 create mode 100644 audit/peer_polish/render_pdf_review.py
 create mode 100644 audit/peer_polish/reproduction.json
 create mode 100644 audit/peer_polish/reproduction_before_table_reference.json
 create mode 100644 audit/peer_polish/reproduction_layout_refresh.json
 create mode 100644 audit/peer_polish/reproduction_refreshed_build.json
 create mode 100644 audit/peer_polish/reserve_event_ranges_first_vm.csv
 create mode 100644 audit/peer_polish/reserve_events_first_vm.csv
 create mode 100644 audit/peer_polish/status_before_delivery.txt
 create mode 100644 audit/peer_polish/tables_qa/build.log
 create mode 100644 audit/peer_polish/tables_qa/extensions_margins.csv
 create mode 100644 audit/peer_polish/tables_qa/extra-1.png
 create mode 100644 audit/peer_polish/tables_qa/extra-2.png
 create mode 100644 audit/peer_polish/tables_qa/extras.log
 create mode 100644 audit/peer_polish/tables_qa/extras_build.log
 create mode 100644 audit/peer_polish/tables_qa/final-4.png
 create mode 100644 audit/peer_polish/tables_qa/final_reserve-1.png
 create mode 100644 audit/peer_polish/tables_qa/final_reserve-2.png
 create mode 100644 audit/peer_polish/tables_qa/final_reserve-3.png
 create mode 100644 audit/peer_polish/tables_qa/final_reserve-4.png
 create mode 100644 audit/peer_polish/tables_qa/final_reserve-5.png
 create mode 100644 audit/peer_polish/tables_qa/frozen_extra-1.png
 create mode 100644 audit/peer_polish/tables_qa/frozen_reserve-3.png
 create mode 100644 audit/peer_polish/tables_qa/matched_price.csv
 create mode 100644 audit/peer_polish/tables_qa/page-1.png
 create mode 100644 audit/peer_polish/tables_qa/page-2.png
 create mode 100644 audit/peer_polish/tables_qa/page-3.png
 create mode 100644 audit/peer_polish/tables_qa/page-4.png
 create mode 100644 audit/peer_polish/tables_qa/page-5.png
 create mode 100644 audit/peer_polish/tables_qa/reserve-1.png
 create mode 100644 audit/peer_polish/tables_qa/reserve-2.png
 create mode 100644 audit/peer_polish/tables_qa/reserve-3.png
 create mode 100644 audit/peer_polish/tables_qa/reserve-4.png
 create mode 100644 audit/peer_polish/tables_qa/reserve-5.png
 create mode 100644 audit/peer_polish/tables_qa/reserve-6.png
 create mode 100644 audit/peer_polish/tables_qa/reserves.log
 create mode 100644 audit/peer_polish/tables_qa/reserves_build.log
 create mode 100644 audit/peer_polish/tables_qa/tables.log
 create mode 100644 audit/peer_polish/test_catalogue.csv
 create mode 100644 audit/peer_polish/verify_core_bindings.py
 create mode 100644 audit/peer_polish/visual_checks/inspection.json
 create mode 100644 audit/peer_polish/visual_checks/inspection.md
 create mode 100644 audit/peer_polish/visual_checks/main/contact-001.png
 create mode 100644 audit/peer_polish/visual_checks/main/contact-013.png
 create mode 100644 audit/peer_polish/visual_checks/main/contact-025.png
 create mode 100644 audit/peer_polish/visual_checks/main/contact-037.png
 create mode 100644 audit/peer_polish/visual_checks/main/contact-049.png
 create mode 100644 audit/peer_polish/visual_checks/main/contact-061.png
 create mode 100644 audit/peer_polish/visual_checks/main/page-01.png
 create mode 100644 audit/peer_polish/visual_checks/main/page-02.png
 create mode 100644 audit/peer_polish/visual_checks/main/page-03.png
 create mode 100644 audit/peer_polish/visual_checks/main/page-04.png
 create mode 100644 audit/peer_polish/visual_checks/main/page-05.png
 create mode 100644 audit/peer_polish/visual_checks/main/page-06.png
 create mode 100644 audit/peer_polish/visual_checks/main/page-07.png
 create mode 100644 audit/peer_polish/visual_checks/main/page-08.png
 create mode 100644 audit/peer_polish/visual_checks/main/page-09.png
 create mode 100644 audit/peer_polish/visual_checks/main/page-10.png
 create mode 100644 audit/peer_polish/visual_checks/main/page-11.png
 create mode 100644 audit/peer_polish/visual_checks/main/page-12.png
 create mode 100644 audit/peer_polish/visual_checks/main/page-13.png
 create mode 100644 audit/peer_polish/visual_checks/main/page-14.png
 create mode 100644 audit/peer_polish/visual_checks/main/page-15.png
 create mode 100644 audit/peer_polish/visual_checks/main/page-16.png
 create mode 100644 audit/peer_polish/visual_checks/main/page-17.png
 create mode 100644 audit/peer_polish/visual_checks/main/page-18.png
 create mode 100644 audit/peer_polish/visual_checks/main/page-19.png
 create mode 100644 audit/peer_polish/visual_checks/main/page-20.png
 create mode 100644 audit/peer_polish/visual_checks/main/page-21.png
 create mode 100644 audit/peer_polish/visual_checks/main/page-22.png
 create mode 100644 audit/peer_polish/visual_checks/main/page-23.png
 create mode 100644 audit/peer_polish/visual_checks/main/page-24.png
 create mode 100644 audit/peer_polish/visual_checks/main/page-25.png
 create mode 100644 audit/peer_polish/visual_checks/main/page-26.png
 create mode 100644 audit/peer_polish/visual_checks/main/page-27.png
 create mode 100644 audit/peer_polish/visual_checks/main/page-28.png
 create mode 100644 audit/peer_polish/visual_checks/main/page-29.png
 create mode 100644 audit/peer_polish/visual_checks/main/page-30.png
 create mode 100644 audit/peer_polish/visual_checks/main/page-31.png
 create mode 100644 audit/peer_polish/visual_checks/main/page-32.png
 create mode 100644 audit/peer_polish/visual_checks/main/page-33.png
 create mode 100644 audit/peer_polish/visual_checks/main/page-34.png
 create mode 100644 audit/peer_polish/visual_checks/main/page-35.png
 create mode 100644 audit/peer_polish/visual_checks/main/page-36.png
 create mode 100644 audit/peer_polish/visual_checks/main/page-37.png
 create mode 100644 audit/peer_polish/visual_checks/main/page-38.png
 create mode 100644 audit/peer_polish/visual_checks/main/page-39.png
 create mode 100644 audit/peer_polish/visual_checks/main/page-40.png
 create mode 100644 audit/peer_polish/visual_checks/main/page-41.png
 create mode 100644 audit/peer_polish/visual_checks/main/page-42.png
 create mode 100644 audit/peer_polish/visual_checks/main/page-43.png
 create mode 100644 audit/peer_polish/visual_checks/main/page-44.png
 create mode 100644 audit/peer_polish/visual_checks/main/page-45.png
 create mode 100644 audit/peer_polish/visual_checks/main/page-46.png
 create mode 100644 audit/peer_polish/visual_checks/main/page-47.png
 create mode 100644 audit/peer_polish/visual_checks/main/page-48.png
 create mode 100644 audit/peer_polish/visual_checks/main/page-49.png
 create mode 100644 audit/peer_polish/visual_checks/main/page-50.png
 create mode 100644 audit/peer_polish/visual_checks/main/page-51.png
 create mode 100644 audit/peer_polish/visual_checks/main/page-52.png
 create mode 100644 audit/peer_polish/visual_checks/main/page-53.png
 create mode 100644 audit/peer_polish/visual_checks/main/page-54.png
 create mode 100644 audit/peer_polish/visual_checks/main/page-55.png
 create mode 100644 audit/peer_polish/visual_checks/main/page-56.png
 create mode 100644 audit/peer_polish/visual_checks/main/page-57.png
 create mode 100644 audit/peer_polish/visual_checks/main/page-58.png
 create mode 100644 audit/peer_polish/visual_checks/main/page-59.png
 create mode 100644 audit/peer_polish/visual_checks/main/page-60.png
 create mode 100644 audit/peer_polish/visual_checks/main/page-61.png
 create mode 100644 audit/peer_polish/visual_checks/main/page-62.png
 create mode 100644 audit/peer_polish/visual_checks/main/page-63.png
 create mode 100644 audit/peer_polish/visual_checks/main/page-64.png
 create mode 100644 audit/peer_polish/visual_checks/main/page-65.png
 create mode 100644 audit/peer_polish/visual_checks/main/page-66.png
 create mode 100644 audit/peer_polish/visual_checks/main/page-67.png
 create mode 100644 audit/peer_polish/visual_checks/main/page-68.png
 create mode 100644 audit/peer_polish/visual_checks/main/page-69.png
 create mode 100644 audit/peer_polish/visual_checks/main/page-70.png
 create mode 100644 audit/peer_polish/visual_checks/main/page-71.png
 create mode 100644 audit/peer_polish/visual_checks/main/page-72.png
 create mode 100644 audit/peer_polish/visual_checks/main/page_bounds.json
 create mode 100644 audit/peer_polish/visual_checks/main_changed_pages.json
 create mode 100644 audit/peer_polish/visual_checks/main_final/contact-001.png
 create mode 100644 audit/peer_polish/visual_checks/main_final/contact-013.png
 create mode 100644 audit/peer_polish/visual_checks/main_final/contact-025.png
 create mode 100644 audit/peer_polish/visual_checks/main_final/contact-037.png
 create mode 100644 audit/peer_polish/visual_checks/main_final/contact-049.png
 create mode 100644 audit/peer_polish/visual_checks/main_final/contact-061.png
 create mode 100644 audit/peer_polish/visual_checks/main_final/page-01.png
 create mode 100644 audit/peer_polish/visual_checks/main_final/page-02.png
 create mode 100644 audit/peer_polish/visual_checks/main_final/page-03.png
 create mode 100644 audit/peer_polish/visual_checks/main_final/page-04.png
 create mode 100644 audit/peer_polish/visual_checks/main_final/page-05.png
 create mode 100644 audit/peer_polish/visual_checks/main_final/page-06.png
 create mode 100644 audit/peer_polish/visual_checks/main_final/page-07.png
 create mode 100644 audit/peer_polish/visual_checks/main_final/page-08.png
 create mode 100644 audit/peer_polish/visual_checks/main_final/page-09.png
 create mode 100644 audit/peer_polish/visual_checks/main_final/page-10.png
 create mode 100644 audit/peer_polish/visual_checks/main_final/page-11.png
 create mode 100644 audit/peer_polish/visual_checks/main_final/page-12.png
 create mode 100644 audit/peer_polish/visual_checks/main_final/page-13.png
 create mode 100644 audit/peer_polish/visual_checks/main_final/page-14.png
 create mode 100644 audit/peer_polish/visual_checks/main_final/page-15.png
 create mode 100644 audit/peer_polish/visual_checks/main_final/page-16.png
 create mode 100644 audit/peer_polish/visual_checks/main_final/page-17.png
 create mode 100644 audit/peer_polish/visual_checks/main_final/page-18.png
 create mode 100644 audit/peer_polish/visual_checks/main_final/page-19.png
 create mode 100644 audit/peer_polish/visual_checks/main_final/page-20.png
 create mode 100644 audit/peer_polish/visual_checks/main_final/page-21.png
 create mode 100644 audit/peer_polish/visual_checks/main_final/page-22.png
 create mode 100644 audit/peer_polish/visual_checks/main_final/page-23.png
 create mode 100644 audit/peer_polish/visual_checks/main_final/page-24.png
 create mode 100644 audit/peer_polish/visual_checks/main_final/page-25.png
 create mode 100644 audit/peer_polish/visual_checks/main_final/page-26.png
 create mode 100644 audit/peer_polish/visual_checks/main_final/page-27.png
 create mode 100644 audit/peer_polish/visual_checks/main_final/page-28.png
 create mode 100644 audit/peer_polish/visual_checks/main_final/page-29.png
 create mode 100644 audit/peer_polish/visual_checks/main_final/page-30.png
 create mode 100644 audit/peer_polish/visual_checks/main_final/page-31.png
 create mode 100644 audit/peer_polish/visual_checks/main_final/page-32.png
 create mode 100644 audit/peer_polish/visual_checks/main_final/page-33.png
 create mode 100644 audit/peer_polish/visual_checks/main_final/page-34.png
 create mode 100644 audit/peer_polish/visual_checks/main_final/page-35.png
 create mode 100644 audit/peer_polish/visual_checks/main_final/page-36.png
 create mode 100644 audit/peer_polish/visual_checks/main_final/page-37.png
 create mode 100644 audit/peer_polish/visual_checks/main_final/page-38.png
 create mode 100644 audit/peer_polish/visual_checks/main_final/page-39.png
 create mode 100644 audit/peer_polish/visual_checks/main_final/page-40.png
 create mode 100644 audit/peer_polish/visual_checks/main_final/page-41.png
 create mode 100644 audit/peer_polish/visual_checks/main_final/page-42.png
 create mode 100644 audit/peer_polish/visual_checks/main_final/page-43.png
 create mode 100644 audit/peer_polish/visual_checks/main_final/page-44.png
 create mode 100644 audit/peer_polish/visual_checks/main_final/page-45.png
 create mode 100644 audit/peer_polish/visual_checks/main_final/page-46.png
 create mode 100644 audit/peer_polish/visual_checks/main_final/page-47.png
 create mode 100644 audit/peer_polish/visual_checks/main_final/page-48.png
 create mode 100644 audit/peer_polish/visual_checks/main_final/page-49.png
 create mode 100644 audit/peer_polish/visual_checks/main_final/page-50.png
 create mode 100644 audit/peer_polish/visual_checks/main_final/page-51.png
 create mode 100644 audit/peer_polish/visual_checks/main_final/page-52.png
 create mode 100644 audit/peer_polish/visual_checks/main_final/page-53.png
 create mode 100644 audit/peer_polish/visual_checks/main_final/page-54.png
 create mode 100644 audit/peer_polish/visual_checks/main_final/page-55.png
 create mode 100644 audit/peer_polish/visual_checks/main_final/page-56.png
 create mode 100644 audit/peer_polish/visual_checks/main_final/page-57.png
 create mode 100644 audit/peer_polish/visual_checks/main_final/page-58.png
 create mode 100644 audit/peer_polish/visual_checks/main_final/page-59.png
 create mode 100644 audit/peer_polish/visual_checks/main_final/page-60.png
 create mode 100644 audit/peer_polish/visual_checks/main_final/page-61.png
 create mode 100644 audit/peer_polish/visual_checks/main_final/page-62.png
 create mode 100644 audit/peer_polish/visual_checks/main_final/page-63.png
 create mode 100644 audit/peer_polish/visual_checks/main_final/page-64.png
 create mode 100644 audit/peer_polish/visual_checks/main_final/page-65.png
 create mode 100644 audit/peer_polish/visual_checks/main_final/page-66.png
 create mode 100644 audit/peer_polish/visual_checks/main_final/page-67.png
 create mode 100644 audit/peer_polish/visual_checks/main_final/page-68.png
 create mode 100644 audit/peer_polish/visual_checks/main_final/page-69.png
 create mode 100644 audit/peer_polish/visual_checks/main_final/page-70.png
 create mode 100644 audit/peer_polish/visual_checks/main_final/page-71.png
 create mode 100644 audit/peer_polish/visual_checks/main_final/page-72.png
 create mode 100644 audit/peer_polish/visual_checks/main_final/page_bounds.json
 create mode 100644 audit/peer_polish/visual_checks/main_fonts.txt
 create mode 100644 audit/peer_polish/visual_checks/main_pages_01_36.json
 create mode 100644 audit/peer_polish/visual_checks/main_pages_01_36.md
 create mode 100644 audit/peer_polish/visual_checks/main_pages_37_72.json
 create mode 100644 audit/peer_polish/visual_checks/main_pages_37_72.md
 create mode 100644 audit/peer_polish/visual_checks/oa_delivery_pages_01_29.json
 create mode 100644 audit/peer_polish/visual_checks/oa_delivery_pages_01_29.md
 create mode 100644 audit/peer_polish/visual_checks/oa_delivery_pages_30_43.json
 create mode 100644 audit/peer_polish/visual_checks/oa_delivery_pages_30_43.md
 create mode 100644 audit/peer_polish/visual_checks/oa_delivery_pages_44_57.json
 create mode 100644 audit/peer_polish/visual_checks/oa_delivery_pages_44_57.md
 create mode 100644 audit/peer_polish/visual_checks/oa_pages_01_29.json
 create mode 100644 audit/peer_polish/visual_checks/oa_pages_01_29.md
 create mode 100644 audit/peer_polish/visual_checks/oa_pages_30_58.json
 create mode 100644 audit/peer_polish/visual_checks/oa_pages_30_58.md
 create mode 100644 audit/peer_polish/visual_checks/online_appendix_delivery/contact-001.png
 create mode 100644 audit/peer_polish/visual_checks/online_appendix_delivery/contact-013.png
 create mode 100644 audit/peer_polish/visual_checks/online_appendix_delivery/contact-025.png
 create mode 100644 audit/peer_polish/visual_checks/online_appendix_delivery/contact-037.png
 create mode 100644 audit/peer_polish/visual_checks/online_appendix_delivery/contact-049.png
 create mode 100644 audit/peer_polish/visual_checks/online_appendix_delivery/page-01.png
 create mode 100644 audit/peer_polish/visual_checks/online_appendix_delivery/page-02.png
 create mode 100644 audit/peer_polish/visual_checks/online_appendix_delivery/page-03.png
 create mode 100644 audit/peer_polish/visual_checks/online_appendix_delivery/page-04.png
 create mode 100644 audit/peer_polish/visual_checks/online_appendix_delivery/page-05.png
 create mode 100644 audit/peer_polish/visual_checks/online_appendix_delivery/page-06.png
 create mode 100644 audit/peer_polish/visual_checks/online_appendix_delivery/page-07.png
 create mode 100644 audit/peer_polish/visual_checks/online_appendix_delivery/page-08.png
 create mode 100644 audit/peer_polish/visual_checks/online_appendix_delivery/page-09.png
 create mode 100644 audit/peer_polish/visual_checks/online_appendix_delivery/page-10.png
 create mode 100644 audit/peer_polish/visual_checks/online_appendix_delivery/page-11.png
 create mode 100644 audit/peer_polish/visual_checks/online_appendix_delivery/page-12.png
 create mode 100644 audit/peer_polish/visual_checks/online_appendix_delivery/page-13.png
 create mode 100644 audit/peer_polish/visual_checks/online_appendix_delivery/page-14.png
 create mode 100644 audit/peer_polish/visual_checks/online_appendix_delivery/page-15.png
 create mode 100644 audit/peer_polish/visual_checks/online_appendix_delivery/page-16.png
 create mode 100644 audit/peer_polish/visual_checks/online_appendix_delivery/page-17.png
 create mode 100644 audit/peer_polish/visual_checks/online_appendix_delivery/page-18.png
 create mode 100644 audit/peer_polish/visual_checks/online_appendix_delivery/page-19.png
 create mode 100644 audit/peer_polish/visual_checks/online_appendix_delivery/page-20.png
 create mode 100644 audit/peer_polish/visual_checks/online_appendix_delivery/page-21.png
 create mode 100644 audit/peer_polish/visual_checks/online_appendix_delivery/page-22.png
 create mode 100644 audit/peer_polish/visual_checks/online_appendix_delivery/page-23.png
 create mode 100644 audit/peer_polish/visual_checks/online_appendix_delivery/page-24.png
 create mode 100644 audit/peer_polish/visual_checks/online_appendix_delivery/page-25.png
 create mode 100644 audit/peer_polish/visual_checks/online_appendix_delivery/page-26.png
 create mode 100644 audit/peer_polish/visual_checks/online_appendix_delivery/page-27.png
 create mode 100644 audit/peer_polish/visual_checks/online_appendix_delivery/page-28.png
 create mode 100644 audit/peer_polish/visual_checks/online_appendix_delivery/page-29.png
 create mode 100644 audit/peer_polish/visual_checks/online_appendix_delivery/page-30.png
 create mode 100644 audit/peer_polish/visual_checks/online_appendix_delivery/page-31.png
 create mode 100644 audit/peer_polish/visual_checks/online_appendix_delivery/page-32.png
 create mode 100644 audit/peer_polish/visual_checks/online_appendix_delivery/page-33.png
 create mode 100644 audit/peer_polish/visual_checks/online_appendix_delivery/page-34.png
 create mode 100644 audit/peer_polish/visual_checks/online_appendix_delivery/page-35.png
 create mode 100644 audit/peer_polish/visual_checks/online_appendix_delivery/page-36.png
 create mode 100644 audit/peer_polish/visual_checks/online_appendix_delivery/page-37.png
 create mode 100644 audit/peer_polish/visual_checks/online_appendix_delivery/page-38.png
 create mode 100644 audit/peer_polish/visual_checks/online_appendix_delivery/page-39.png
 create mode 100644 audit/peer_polish/visual_checks/online_appendix_delivery/page-40.png
 create mode 100644 audit/peer_polish/visual_checks/online_appendix_delivery/page-41.png
 create mode 100644 audit/peer_polish/visual_checks/online_appendix_delivery/page-42.png
 create mode 100644 audit/peer_polish/visual_checks/online_appendix_delivery/page-43.png
 create mode 100644 audit/peer_polish/visual_checks/online_appendix_delivery/page-44.png
 create mode 100644 audit/peer_polish/visual_checks/online_appendix_delivery/page-45.png
 create mode 100644 audit/peer_polish/visual_checks/online_appendix_delivery/page-46.png
 create mode 100644 audit/peer_polish/visual_checks/online_appendix_delivery/page-47.png
 create mode 100644 audit/peer_polish/visual_checks/online_appendix_delivery/page-48.png
 create mode 100644 audit/peer_polish/visual_checks/online_appendix_delivery/page-49.png
 create mode 100644 audit/peer_polish/visual_checks/online_appendix_delivery/page-50.png
 create mode 100644 audit/peer_polish/visual_checks/online_appendix_delivery/page-51.png
 create mode 100644 audit/peer_polish/visual_checks/online_appendix_delivery/page-52.png
 create mode 100644 audit/peer_polish/visual_checks/online_appendix_delivery/page-53.png
 create mode 100644 audit/peer_polish/visual_checks/online_appendix_delivery/page-54.png
 create mode 100644 audit/peer_polish/visual_checks/online_appendix_delivery/page-55.png
 create mode 100644 audit/peer_polish/visual_checks/online_appendix_delivery/page-56.png
 create mode 100644 audit/peer_polish/visual_checks/online_appendix_delivery/page-57.png
 create mode 100644 audit/peer_polish/visual_checks/online_appendix_delivery/page_bounds.json
 create mode 100644 audit/peer_polish/visual_checks/online_appendix_final/contact-001.png
 create mode 100644 audit/peer_polish/visual_checks/online_appendix_final/contact-013.png
 create mode 100644 audit/peer_polish/visual_checks/online_appendix_final/contact-025.png
 create mode 100644 audit/peer_polish/visual_checks/online_appendix_final/contact-037.png
 create mode 100644 audit/peer_polish/visual_checks/online_appendix_final/contact-049.png
 create mode 100644 audit/peer_polish/visual_checks/online_appendix_final/page-01.png
 create mode 100644 audit/peer_polish/visual_checks/online_appendix_final/page-02.png
 create mode 100644 audit/peer_polish/visual_checks/online_appendix_final/page-03.png
 create mode 100644 audit/peer_polish/visual_checks/online_appendix_final/page-04.png
 create mode 100644 audit/peer_polish/visual_checks/online_appendix_final/page-05.png
 create mode 100644 audit/peer_polish/visual_checks/online_appendix_final/page-06.png
 create mode 100644 audit/peer_polish/visual_checks/online_appendix_final/page-07.png
 create mode 100644 audit/peer_polish/visual_checks/online_appendix_final/page-08.png
 create mode 100644 audit/peer_polish/visual_checks/online_appendix_final/page-09.png
 create mode 100644 audit/peer_polish/visual_checks/online_appendix_final/page-10.png
 create mode 100644 audit/peer_polish/visual_checks/online_appendix_final/page-11.png
 create mode 100644 audit/peer_polish/visual_checks/online_appendix_final/page-12.png
 create mode 100644 audit/peer_polish/visual_checks/online_appendix_final/page-13.png
 create mode 100644 audit/peer_polish/visual_checks/online_appendix_final/page-14.png
 create mode 100644 audit/peer_polish/visual_checks/online_appendix_final/page-15.png
 create mode 100644 audit/peer_polish/visual_checks/online_appendix_final/page-16.png
 create mode 100644 audit/peer_polish/visual_checks/online_appendix_final/page-17.png
 create mode 100644 audit/peer_polish/visual_checks/online_appendix_final/page-18.png
 create mode 100644 audit/peer_polish/visual_checks/online_appendix_final/page-19.png
 create mode 100644 audit/peer_polish/visual_checks/online_appendix_final/page-20.png
 create mode 100644 audit/peer_polish/visual_checks/online_appendix_final/page-21.png
 create mode 100644 audit/peer_polish/visual_checks/online_appendix_final/page-22.png
 create mode 100644 audit/peer_polish/visual_checks/online_appendix_final/page-23.png
 create mode 100644 audit/peer_polish/visual_checks/online_appendix_final/page-24.png
 create mode 100644 audit/peer_polish/visual_checks/online_appendix_final/page-25.png
 create mode 100644 audit/peer_polish/visual_checks/online_appendix_final/page-26.png
 create mode 100644 audit/peer_polish/visual_checks/online_appendix_final/page-27.png
 create mode 100644 audit/peer_polish/visual_checks/online_appendix_final/page-28.png
 create mode 100644 audit/peer_polish/visual_checks/online_appendix_final/page-29.png
 create mode 100644 audit/peer_polish/visual_checks/online_appendix_final/page-30.png
 create mode 100644 audit/peer_polish/visual_checks/online_appendix_final/page-31.png
 create mode 100644 audit/peer_polish/visual_checks/online_appendix_final/page-32.png
 create mode 100644 audit/peer_polish/visual_checks/online_appendix_final/page-33.png
 create mode 100644 audit/peer_polish/visual_checks/online_appendix_final/page-34.png
 create mode 100644 audit/peer_polish/visual_checks/online_appendix_final/page-35.png
 create mode 100644 audit/peer_polish/visual_checks/online_appendix_final/page-36.png
 create mode 100644 audit/peer_polish/visual_checks/online_appendix_final/page-37.png
 create mode 100644 audit/peer_polish/visual_checks/online_appendix_final/page-38.png
 create mode 100644 audit/peer_polish/visual_checks/online_appendix_final/page-39.png
 create mode 100644 audit/peer_polish/visual_checks/online_appendix_final/page-40.png
 create mode 100644 audit/peer_polish/visual_checks/online_appendix_final/page-41.png
 create mode 100644 audit/peer_polish/visual_checks/online_appendix_final/page-42.png
 create mode 100644 audit/peer_polish/visual_checks/online_appendix_final/page-43.png
 create mode 100644 audit/peer_polish/visual_checks/online_appendix_final/page-44.png
 create mode 100644 audit/peer_polish/visual_checks/online_appendix_final/page-45.png
 create mode 100644 audit/peer_polish/visual_checks/online_appendix_final/page-46.png
 create mode 100644 audit/peer_polish/visual_checks/online_appendix_final/page-47.png
 create mode 100644 audit/peer_polish/visual_checks/online_appendix_final/page-48.png
 create mode 100644 audit/peer_polish/visual_checks/online_appendix_final/page-49.png
 create mode 100644 audit/peer_polish/visual_checks/online_appendix_final/page-50.png
 create mode 100644 audit/peer_polish/visual_checks/online_appendix_final/page-51.png
 create mode 100644 audit/peer_polish/visual_checks/online_appendix_final/page-52.png
 create mode 100644 audit/peer_polish/visual_checks/online_appendix_final/page-53.png
 create mode 100644 audit/peer_polish/visual_checks/online_appendix_final/page-54.png
 create mode 100644 audit/peer_polish/visual_checks/online_appendix_final/page-55.png
 create mode 100644 audit/peer_polish/visual_checks/online_appendix_final/page-56.png
 create mode 100644 audit/peer_polish/visual_checks/online_appendix_final/page-57.png
 create mode 100644 audit/peer_polish/visual_checks/online_appendix_final/page-58.png
 create mode 100644 audit/peer_polish/visual_checks/online_appendix_final/page_bounds.json
 create mode 100644 audit/peer_polish/visual_checks/online_appendix_fonts.txt
 create mode 100644 audit/peer_polish/visual_checks/online_appendix_release/contact-001.png
 create mode 100644 audit/peer_polish/visual_checks/online_appendix_release/contact-013.png
 create mode 100644 audit/peer_polish/visual_checks/online_appendix_release/contact-025.png
 create mode 100644 audit/peer_polish/visual_checks/online_appendix_release/contact-037.png
 create mode 100644 audit/peer_polish/visual_checks/online_appendix_release/contact-049.png
 create mode 100644 audit/peer_polish/visual_checks/online_appendix_release/page-01.png
 create mode 100644 audit/peer_polish/visual_checks/online_appendix_release/page-02.png
 create mode 100644 audit/peer_polish/visual_checks/online_appendix_release/page-03.png
 create mode 100644 audit/peer_polish/visual_checks/online_appendix_release/page-04.png
 create mode 100644 audit/peer_polish/visual_checks/online_appendix_release/page-05.png
 create mode 100644 audit/peer_polish/visual_checks/online_appendix_release/page-06.png
 create mode 100644 audit/peer_polish/visual_checks/online_appendix_release/page-07.png
 create mode 100644 audit/peer_polish/visual_checks/online_appendix_release/page-08.png
 create mode 100644 audit/peer_polish/visual_checks/online_appendix_release/page-09.png
 create mode 100644 audit/peer_polish/visual_checks/online_appendix_release/page-10.png
 create mode 100644 audit/peer_polish/visual_checks/online_appendix_release/page-11.png
 create mode 100644 audit/peer_polish/visual_checks/online_appendix_release/page-12.png
 create mode 100644 audit/peer_polish/visual_checks/online_appendix_release/page-13.png
 create mode 100644 audit/peer_polish/visual_checks/online_appendix_release/page-14.png
 create mode 100644 audit/peer_polish/visual_checks/online_appendix_release/page-15.png
 create mode 100644 audit/peer_polish/visual_checks/online_appendix_release/page-16.png
 create mode 100644 audit/peer_polish/visual_checks/online_appendix_release/page-17.png
 create mode 100644 audit/peer_polish/visual_checks/online_appendix_release/page-18.png
 create mode 100644 audit/peer_polish/visual_checks/online_appendix_release/page-19.png
 create mode 100644 audit/peer_polish/visual_checks/online_appendix_release/page-20.png
 create mode 100644 audit/peer_polish/visual_checks/online_appendix_release/page-21.png
 create mode 100644 audit/peer_polish/visual_checks/online_appendix_release/page-22.png
 create mode 100644 audit/peer_polish/visual_checks/online_appendix_release/page-23.png
 create mode 100644 audit/peer_polish/visual_checks/online_appendix_release/page-24.png
 create mode 100644 audit/peer_polish/visual_checks/online_appendix_release/page-25.png
 create mode 100644 audit/peer_polish/visual_checks/online_appendix_release/page-26.png
 create mode 100644 audit/peer_polish/visual_checks/online_appendix_release/page-27.png
 create mode 100644 audit/peer_polish/visual_checks/online_appendix_release/page-28.png
 create mode 100644 audit/peer_polish/visual_checks/online_appendix_release/page-29.png
 create mode 100644 audit/peer_polish/visual_checks/online_appendix_release/page-30.png
 create mode 100644 audit/peer_polish/visual_checks/online_appendix_release/page-31.png
 create mode 100644 audit/peer_polish/visual_checks/online_appendix_release/page-32.png
 create mode 100644 audit/peer_polish/visual_checks/online_appendix_release/page-33.png
 create mode 100644 audit/peer_polish/visual_checks/online_appendix_release/page-34.png
 create mode 100644 audit/peer_polish/visual_checks/online_appendix_release/page-35.png
 create mode 100644 audit/peer_polish/visual_checks/online_appendix_release/page-36.png
 create mode 100644 audit/peer_polish/visual_checks/online_appendix_release/page-37.png
 create mode 100644 audit/peer_polish/visual_checks/online_appendix_release/page-38.png
 create mode 100644 audit/peer_polish/visual_checks/online_appendix_release/page-39.png
 create mode 100644 audit/peer_polish/visual_checks/online_appendix_release/page-40.png
 create mode 100644 audit/peer_polish/visual_checks/online_appendix_release/page-41.png
 create mode 100644 audit/peer_polish/visual_checks/online_appendix_release/page-42.png
 create mode 100644 audit/peer_polish/visual_checks/online_appendix_release/page-43.png
 create mode 100644 audit/peer_polish/visual_checks/online_appendix_release/page-44.png
 create mode 100644 audit/peer_polish/visual_checks/online_appendix_release/page-45.png
 create mode 100644 audit/peer_polish/visual_checks/online_appendix_release/page-46.png
 create mode 100644 audit/peer_polish/visual_checks/online_appendix_release/page-47.png
 create mode 100644 audit/peer_polish/visual_checks/online_appendix_release/page-48.png
 create mode 100644 audit/peer_polish/visual_checks/online_appendix_release/page-49.png
 create mode 100644 audit/peer_polish/visual_checks/online_appendix_release/page-50.png
 create mode 100644 audit/peer_polish/visual_checks/online_appendix_release/page-51.png
 create mode 100644 audit/peer_polish/visual_checks/online_appendix_release/page-52.png
 create mode 100644 audit/peer_polish/visual_checks/online_appendix_release/page-53.png
 create mode 100644 audit/peer_polish/visual_checks/online_appendix_release/page-54.png
 create mode 100644 audit/peer_polish/visual_checks/online_appendix_release/page-55.png
 create mode 100644 audit/peer_polish/visual_checks/online_appendix_release/page-56.png
 create mode 100644 audit/peer_polish/visual_checks/online_appendix_release/page-57.png
 create mode 100644 audit/peer_polish/visual_checks/online_appendix_release/page_bounds.json
 create mode 100644 numerics/correspondence_attempts.csv
 create mode 100644 numerics/mixed_search_attempts.csv
 create mode 100644 numerics/release_checks.py
 create mode 100644 numerics/tests/test_c6_audit.py
 create mode 100644 numerics/tests/test_continuation_adapter.py
 create mode 100644 numerics/tests/test_cutoff_serialization.py
 create mode 100644 numerics/tests/test_release_boundary.py
 create mode 100644 numerics/tests/test_release_build.py
 create mode 100644 numerics/tests/test_render_boundaries.py
 create mode 100644 numerics/tests/test_s3_c2.py
 create mode 100644 replication/README.md
 create mode 100644 replication/build_manifest.json
 create mode 100644 replication/release.py
 create mode 100644 replication/requirements.txt
