PASS manifest c1_baseline passed
PASS output hash unchanged: tables/auction_primitives.csv
PASS output hash unchanged: tables/equilibrium_controls.csv
PASS output hash unchanged: tables/extensions.csv
PASS output hash unchanged: numerics/baseline_deviations.csv
PASS output hash unchanged: numerics/feedback_comparisons.csv
PASS output hash unchanged: figures_data/two_returns.csv
PASS declared node r=1.2 pooling_candidate accepted (eps_q=0.00e+00)
PASS declared node r=3 full_order_candidate accepted (eps_q=0.00e+00)
PASS declared node r=3.6 full_order_candidate accepted (eps_q=0.00e+00)
PASS registry base_h = 10 [input]
PASS registry base_ell = 1 [input]
PASS registry base_p = 0.5 [input]
PASS registry base_rho = 0.25 [input]
PASS registry base_c_low = 1 [input]
PASS registry base_c_high = 6 [input]
PASS registry base_b = 2 [input]
PASS registry base_k = 0.02 [input]
PASS registry base_r_weak = 1.2 [input]
PASS registry base_r_strong = 3 [input]
PASS registry base_r_collapse = 3.6 [input]
PASS registry moderate_h = 2 [input]
PASS registry moderate_ell = 1 [input]
PASS registry moderate_p = 0.5 [input]
PASS registry moderate_rho = 0.25 [input]
PASS registry moderate_c_low = 0.3 [input]
PASS registry moderate_c_high = 0.89 [input]
PASS registry moderate_b = 2 [input]
PASS registry moderate_k = 0.002 [input]
PASS registry moderate_r_weak = 1.05 [input]
PASS registry moderate_r_strong = 1.5 [input]
PASS registry signal_h = 10 [input]
PASS registry signal_ell = 1 [input]
PASS registry signal_p = 0.5 [input]
PASS registry signal_rho = 0.85 [input]
PASS registry signal_c_low = 1 [input]
PASS registry signal_c_high = 7.14 [input]
PASS registry signal_b = 2 [input]
PASS registry signal_k = 0.015 [input]
PASS registry signal_r_weak = 1.1 [input]
PASS registry signal_r_strong = 2.3 [input]
PASS registry signal_trader_accuracy_value = 0.70 [input]
PASS registry signal_buyer_accuracy_value = 0.75 [input]
PASS registry seed_python_version = 3.13.5 [input]
PASS registry seed_numpy_version = 2.3.5 [input]
PASS registry seed_scipy_version = 1.17.0 [input]
PASS registry seed_mpmath_version = 1.3.0 [input]
PASS registry base_entry_weak = 0.250000 [analytical]
PASS registry base_entry_strong = 0.522757 [analytical]
PASS registry base_entry_collapse = 0.250000 [analytical]
PASS registry base_frozen_entry_weak = 0.562178 [numerical diagnostic]
PASS registry base_hidden_entry_weak = 0.250000 [analytical]
PASS registry base_ownership_weak = 0.125000 [analytical]
PASS registry base_spread_weak = 0.016667 [analytical]
PASS registry base_profit_prior_weak = 4.804167 [analytical]
PASS registry base_frozen_entry_strong = 0.522757 [numerical diagnostic]
PASS registry base_hidden_entry_strong = 0.250000 [analytical]
PASS registry base_ownership_strong = 0.324192 [analytical]
PASS registry base_spread_strong = 0.666667 [analytical]
PASS registry base_profit_prior_strong = 4.291667 [analytical]
PASS registry base_revenue_feedback = 0.872392 [analytical]
PASS registry base_revenue_hidden = 0.614583 [analytical]
PASS registry base_matched_dividend = 0.257809 [numerical diagnostic]
PASS registry logistic_entry_strong = 0.301509 [analytical]
PASS registry logistic_flow_threshold = 5.424598398 [analytical]
PASS registry cost_mix_laplace_entry_strong = 0.522715 [analytical]
PASS registry cost_mix_logistic_entry_strong = 0.301374 [analytical]
PASS registry base_margin_low_cost = 1.366178511e+0 [analytical]
PASS registry base_margin_high_prior = 1.195833333e+0 [analytical]
PASS registry base_margin_high_ceiling = 2.171548219e-1 [analytical]
PASS registry base_margin_weak_trade = 3.333333333e-3 [analytical]
PASS registry base_margin_strong_trade = 2.411785114e-3 [analytical]
PASS registry base_net_surplus_gain = 0.080218 [analytical]
PASS registry base_revenue_gain = 0.257809 [analytical]
PASS registry base_entry_change_pp = 27.28 [analytical]

VERIFY PASSED
