This is pdfTeX, Version 3.141592653-2.6-1.40.29 (TeX Live 2026) (preloaded format=pdflatex)
 restricted \write18 enabled.
entering extended mode
(./audit/peer_polish/tables_qa/extras.tex
LaTeX2e <2026-06-01>
L3 programming layer <2026-05-26>
(/home/uctpiaj/work/texlive/2026/texmf-dist/tex/latex/base/article.cls
Document Class: article 2025/01/22 v1.4n Standard LaTeX document class
(/home/uctpiaj/work/texlive/2026/texmf-dist/tex/latex/base/size12.clo))
(/home/uctpiaj/work/texlive/2026/texmf-dist/tex/latex/geometry/geometry.sty
(/home/uctpiaj/work/texlive/2026/texmf-dist/tex/latex/graphics/keyval.sty)
(/home/uctpiaj/work/texlive/2026/texmf-dist/tex/generic/iftex/ifvtex.sty
(/home/uctpiaj/work/texlive/2026/texmf-dist/tex/generic/iftex/iftex.sty)))
(/home/uctpiaj/work/texlive/2026/texmf-dist/tex/latex/newtx/newtxtext.sty
`newtxtext' v1.744, 2024/04/01 Text macros taking advantage of TeXGyre Termes a
nd its extensions (msharpe)
(/home/uctpiaj/work/texlive/2026/texmf-dist/tex/latex/xpatch/xpatch.sty
(/home/uctpiaj/work/texlive/2026/texmf-dist/tex/latex/l3kernel/expl3.sty
(/home/uctpiaj/work/texlive/2026/texmf-dist/tex/latex/l3backend/l3backend-pdfte
x.def))
(/home/uctpiaj/work/texlive/2026/texmf-dist/tex/latex/l3packages/xparse/xparse.
sty)
(/home/uctpiaj/work/texlive/2026/texmf-dist/tex/latex/etoolbox/etoolbox.sty))
(/home/uctpiaj/work/texlive/2026/texmf-dist/tex/latex/xcolor/xcolor.sty
(/home/uctpiaj/work/texlive/2026/texmf-dist/tex/latex/graphics-cfg/color.cfg)
(/home/uctpiaj/work/texlive/2026/texmf-dist/tex/latex/graphics-def/pdftex.def)
(/home/uctpiaj/work/texlive/2026/texmf-dist/tex/latex/graphics/mathcolor.ltx))
(/home/uctpiaj/work/texlive/2026/texmf-dist/tex/latex/xkeyval/xkeyval.sty
(/home/uctpiaj/work/texlive/2026/texmf-dist/tex/generic/xkeyval/xkeyval.tex
(/home/uctpiaj/work/texlive/2026/texmf-dist/tex/generic/xkeyval/xkvutils.tex)))
 (/home/uctpiaj/work/texlive/2026/texmf-dist/tex/latex/base/textcomp.sty)
(/home/uctpiaj/work/texlive/2026/texmf-dist/tex/generic/xstring/xstring.sty
(/home/uctpiaj/work/texlive/2026/texmf-dist/tex/generic/xstring/xstring.tex))
(/home/uctpiaj/work/texlive/2026/texmf-dist/tex/latex/base/ifthen.sty)
(/home/uctpiaj/work/texlive/2026/texmf-dist/tex/latex/carlisle/scalefnt.sty)
(/home/uctpiaj/work/texlive/2026/texmf-dist/tex/generic/kastrup/binhex.tex)
(/home/uctpiaj/work/texlive/2026/texmf-dist/tex/latex/fontaxes/fontaxes.sty
(/home/uctpiaj/work/texlive/2026/texmf-dist/tex/latex/figureversions/figurevers
ions.sty)))
(/home/uctpiaj/work/texlive/2026/texmf-dist/tex/latex/newtx/newtxmath.sty
`newtxmath' v1.754, 2024/09/22 Math macros based originally on txfonts (msharpe
) (/home/uctpiaj/work/texlive/2026/texmf-dist/tex/latex/amsmath/amsmath.sty
For additional information on amsmath, use the `?' option.
(/home/uctpiaj/work/texlive/2026/texmf-dist/tex/latex/amsmath/amstext.sty
(/home/uctpiaj/work/texlive/2026/texmf-dist/tex/latex/amsmath/amsgen.sty))
(/home/uctpiaj/work/texlive/2026/texmf-dist/tex/latex/amsmath/amsbsy.sty)
(/home/uctpiaj/work/texlive/2026/texmf-dist/tex/latex/amsmath/amsopn.sty))
(/home/uctpiaj/work/texlive/2026/texmf-dist/tex/latex/oberdiek/centernot.sty)
(/home/uctpiaj/work/texlive/2026/texmf-dist/tex/generic/kastrup/binhex.tex)
amsthm NOT loaded
) (/home/uctpiaj/work/texlive/2026/texmf-dist/tex/latex/booktabs/booktabs.sty)
(/home/uctpiaj/work/texlive/2026/texmf-dist/tex/latex/threeparttable/threepartt
able.sty)
(/home/uctpiaj/work/texlive/2026/texmf-dist/tex/latex/tools/longtable.sty)
(/home/uctpiaj/work/texlive/2026/texmf-dist/tex/latex/setspace/setspace.sty)
(/home/uctpiaj/work/texlive/2026/texmf-dist/tex/latex/caption/caption.sty
(/home/uctpiaj/work/texlive/2026/texmf-dist/tex/latex/caption/caption3.sty)
(/home/uctpiaj/work/texlive/2026/texmf-dist/tex/latex/caption/ltcaption.sty))
(/home/uctpiaj/work/texlive/2026/texmf-dist/tex/latex/pdflscape/pdflscape.sty
(/home/uctpiaj/work/texlive/2026/texmf-dist/tex/latex/pdflscape/pdflscape-nomet
adata.sty
(/home/uctpiaj/work/texlive/2026/texmf-dist/tex/latex/graphics/lscape.sty
(/home/uctpiaj/work/texlive/2026/texmf-dist/tex/latex/graphics/graphics.sty
(/home/uctpiaj/work/texlive/2026/texmf-dist/tex/latex/graphics/trig.sty)
(/home/uctpiaj/work/texlive/2026/texmf-dist/tex/latex/graphics-cfg/graphics.cfg
))))) (/home/uctpiaj/work/texlive/2026/texmf-dist/tex/latex/newtx/ot1ntxtlf.fd)
(audit/peer_polish/tables_qa/extras.aux)
(/home/uctpiaj/work/texlive/2026/texmf-dist/tex/latex/newtx/omlntxmi.fd)
(/home/uctpiaj/work/texlive/2026/texmf-dist/tex/latex/newtx/untxexa.fd)
(/home/uctpiaj/work/texlive/2026/texmf-dist/tex/latex/newtx/lmsntxsy.fd)
(/home/uctpiaj/work/texlive/2026/texmf-dist/tex/latex/newtx/lmxntxexx.fd)
*geometry* driver: auto-detecting
*geometry* detected driver: pdftex

(/home/uctpiaj/work/texlive/2026/texmf-dist/tex/context/base/mkii/supp-pdf.mkii
[Loading MPS to PDF converter (version 2006.09.02).]
)
(/home/uctpiaj/work/texlive/2026/texmf-dist/tex/latex/epstopdf-pkg/epstopdf-bas
e.sty
(/home/uctpiaj/work/texlive/2026/texmf-dist/tex/latex/latexconfig/epstopdf-sys.
cfg))
(/home/uctpiaj/work/competition-creates-competition/audit/peer_polish/tables_qa
/table_matched_price.tex
(/home/uctpiaj/work/texlive/2026/texmf-dist/tex/latex/newtx/ot1minntx.fd)
(/home/uctpiaj/work/texlive/2026/texmf-dist/tex/latex/newtx/untxmia.fd)
(/home/uctpiaj/work/texlive/2026/texmf-dist/tex/latex/newtx/untxsym.fd)
(/home/uctpiaj/work/texlive/2026/texmf-dist/tex/latex/newtx/untxsyc.fd)
(/home/uctpiaj/work/texlive/2026/texmf-dist/tex/latex/tex-gyre/ot1qhv.fd))
[1{/home/uctpiaj/work/texlive/2026/texmf-var/fonts/map/pdftex/updmap/pdftex.map
}{/home/uctpiaj/work/texlive/2026/texmf-dist/fonts/enc/dvips/newtx/ntx-ot1-tlf.
enc}{/home/uctpiaj/work/texlive/2026/texmf-dist/fonts/enc/dvips/tex-gyre/q-rm.e
nc}]
(/home/uctpiaj/work/competition-creates-competition/audit/peer_polish/tables_qa
/table_extensions_margins.tex
(/home/uctpiaj/work/texlive/2026/texmf-dist/tex/latex/newtx/ot1ntxtt.fd)
[2]) (audit/peer_polish/tables_qa/extras.aux) )</home/uctpiaj/work/texlive/2026
/texmf-dist/fonts/type1/public/newtx/NewTXMI.pfb></home/uctpiaj/work/texlive/20
26/texmf-dist/fonts/type1/public/newtx/NewTXMI7.pfb></home/uctpiaj/work/texlive
/2026/texmf-dist/fonts/type1/public/tex-gyre/qhvr.pfb></home/uctpiaj/work/texli
ve/2026/texmf-dist/fonts/type1/public/newtx/txmiaX.pfb></home/uctpiaj/work/texl
ive/2026/texmf-dist/fonts/type1/public/newtx/txsym.pfb></home/uctpiaj/work/texl
ive/2026/texmf-dist/fonts/type1/public/newtx/txsys.pfb></home/uctpiaj/work/texl
ive/2026/texmf-dist/fonts/type1/public/txfonts/txtt.pfb></home/uctpiaj/work/tex
live/2026/texmf-dist/fonts/type1/public/newtx/ztmr.pfb></home/uctpiaj/work/texl
ive/2026/texmf-dist/fonts/type1/public/newtx/ztmri.pfb>
Output written on audit/peer_polish/tables_qa/extras.pdf (2 pages, 130984 bytes
).
Transcript written on audit/peer_polish/tables_qa/extras.log.
