This is pdfTeX, Version 3.141592653-2.6-1.40.29 (TeX Live 2026) (preloaded format=pdflatex)
 restricted \write18 enabled.
entering extended mode
(./audit/peer_polish/tables_qa/reserves.tex
LaTeX2e <2026-06-01>
L3 programming layer <2026-05-26>
(/home/uctpiaj/work/texlive/2026/texmf-dist/tex/latex/base/article.cls
Document Class: article 2025/01/22 v1.4n Standard LaTeX document class
(/home/uctpiaj/work/texlive/2026/texmf-dist/tex/latex/base/size12.clo))
(/home/uctpiaj/work/texlive/2026/texmf-dist/tex/latex/geometry/geometry.sty
(/home/uctpiaj/work/texlive/2026/texmf-dist/tex/latex/graphics/keyval.sty)
(/home/uctpiaj/work/texlive/2026/texmf-dist/tex/generic/iftex/ifvtex.sty
(/home/uctpiaj/work/texlive/2026/texmf-dist/tex/generic/iftex/iftex.sty)))
(/home/uctpiaj/work/texlive/2026/texmf-dist/tex/latex/newtx/newtxtext.sty
`newtxtext' v1.744, 2024/04/01 Text macros taking advantage of TeXGyre Termes a
nd its extensions (msharpe)
(/home/uctpiaj/work/texlive/2026/texmf-dist/tex/latex/xpatch/xpatch.sty
(/home/uctpiaj/work/texlive/2026/texmf-dist/tex/latex/l3kernel/expl3.sty
(/home/uctpiaj/work/texlive/2026/texmf-dist/tex/latex/l3backend/l3backend-pdfte
x.def))
(/home/uctpiaj/work/texlive/2026/texmf-dist/tex/latex/l3packages/xparse/xparse.
sty)
(/home/uctpiaj/work/texlive/2026/texmf-dist/tex/latex/etoolbox/etoolbox.sty))
(/home/uctpiaj/work/texlive/2026/texmf-dist/tex/latex/xcolor/xcolor.sty
(/home/uctpiaj/work/texlive/2026/texmf-dist/tex/latex/graphics-cfg/color.cfg)
(/home/uctpiaj/work/texlive/2026/texmf-dist/tex/latex/graphics-def/pdftex.def)
(/home/uctpiaj/work/texlive/2026/texmf-dist/tex/latex/graphics/mathcolor.ltx))
(/home/uctpiaj/work/texlive/2026/texmf-dist/tex/latex/xkeyval/xkeyval.sty
(/home/uctpiaj/work/texlive/2026/texmf-dist/tex/generic/xkeyval/xkeyval.tex
(/home/uctpiaj/work/texlive/2026/texmf-dist/tex/generic/xkeyval/xkvutils.tex)))
 (/home/uctpiaj/work/texlive/2026/texmf-dist/tex/latex/base/textcomp.sty)
(/home/uctpiaj/work/texlive/2026/texmf-dist/tex/generic/xstring/xstring.sty
(/home/uctpiaj/work/texlive/2026/texmf-dist/tex/generic/xstring/xstring.tex))
(/home/uctpiaj/work/texlive/2026/texmf-dist/tex/latex/base/ifthen.sty)
(/home/uctpiaj/work/texlive/2026/texmf-dist/tex/latex/carlisle/scalefnt.sty)
(/home/uctpiaj/work/texlive/2026/texmf-dist/tex/generic/kastrup/binhex.tex)
(/home/uctpiaj/work/texlive/2026/texmf-dist/tex/latex/fontaxes/fontaxes.sty
(/home/uctpiaj/work/texlive/2026/texmf-dist/tex/latex/figureversions/figurevers
ions.sty)))
(/home/uctpiaj/work/texlive/2026/texmf-dist/tex/latex/newtx/newtxmath.sty
`newtxmath' v1.754, 2024/09/22 Math macros based originally on txfonts (msharpe
) (/home/uctpiaj/work/texlive/2026/texmf-dist/tex/latex/amsmath/amsmath.sty
For additional information on amsmath, use the `?' option.
(/home/uctpiaj/work/texlive/2026/texmf-dist/tex/latex/amsmath/amstext.sty
(/home/uctpiaj/work/texlive/2026/texmf-dist/tex/latex/amsmath/amsgen.sty))
(/home/uctpiaj/work/texlive/2026/texmf-dist/tex/latex/amsmath/amsbsy.sty)
(/home/uctpiaj/work/texlive/2026/texmf-dist/tex/latex/amsmath/amsopn.sty))
(/home/uctpiaj/work/texlive/2026/texmf-dist/tex/latex/oberdiek/centernot.sty)
(/home/uctpiaj/work/texlive/2026/texmf-dist/tex/generic/kastrup/binhex.tex)
amsthm NOT loaded
) (/home/uctpiaj/work/texlive/2026/texmf-dist/tex/latex/booktabs/booktabs.sty)
(/home/uctpiaj/work/texlive/2026/texmf-dist/tex/latex/threeparttable/threepartt
able.sty)
(/home/uctpiaj/work/texlive/2026/texmf-dist/tex/latex/tools/longtable.sty)
(/home/uctpiaj/work/texlive/2026/texmf-dist/tex/latex/setspace/setspace.sty)
(/home/uctpiaj/work/texlive/2026/texmf-dist/tex/latex/caption/caption.sty
(/home/uctpiaj/work/texlive/2026/texmf-dist/tex/latex/caption/caption3.sty)
(/home/uctpiaj/work/texlive/2026/texmf-dist/tex/latex/caption/ltcaption.sty))
(/home/uctpiaj/work/texlive/2026/texmf-dist/tex/latex/pdflscape/pdflscape.sty
(/home/uctpiaj/work/texlive/2026/texmf-dist/tex/latex/pdflscape/pdflscape-nomet
adata.sty
(/home/uctpiaj/work/texlive/2026/texmf-dist/tex/latex/graphics/lscape.sty
(/home/uctpiaj/work/texlive/2026/texmf-dist/tex/latex/graphics/graphics.sty
(/home/uctpiaj/work/texlive/2026/texmf-dist/tex/latex/graphics/trig.sty)
(/home/uctpiaj/work/texlive/2026/texmf-dist/tex/latex/graphics-cfg/graphics.cfg
))))) (/home/uctpiaj/work/texlive/2026/texmf-dist/tex/latex/newtx/ot1ntxtlf.fd)
(audit/peer_polish/tables_qa/reserves.aux)
(/home/uctpiaj/work/texlive/2026/texmf-dist/tex/latex/newtx/omlntxmi.fd)
(/home/uctpiaj/work/texlive/2026/texmf-dist/tex/latex/newtx/untxexa.fd)
(/home/uctpiaj/work/texlive/2026/texmf-dist/tex/latex/newtx/lmsntxsy.fd)
(/home/uctpiaj/work/texlive/2026/texmf-dist/tex/latex/newtx/lmxntxexx.fd)
*geometry* driver: auto-detecting
*geometry* detected driver: pdftex

(/home/uctpiaj/work/texlive/2026/texmf-dist/tex/context/base/mkii/supp-pdf.mkii
[Loading MPS to PDF converter (version 2006.09.02).]
)
(/home/uctpiaj/work/texlive/2026/texmf-dist/tex/latex/epstopdf-pkg/epstopdf-bas
e.sty
(/home/uctpiaj/work/texlive/2026/texmf-dist/tex/latex/latexconfig/epstopdf-sys.
cfg))
(/home/uctpiaj/work/competition-creates-competition/audit/peer_polish/tables_qa
/table4_reserve_comparisons.tex
(/home/uctpiaj/work/texlive/2026/texmf-dist/tex/latex/newtx/ot1minntx.fd)
(/home/uctpiaj/work/texlive/2026/texmf-dist/tex/latex/newtx/untxmia.fd)
(/home/uctpiaj/work/texlive/2026/texmf-dist/tex/latex/newtx/untxsym.fd)
(/home/uctpiaj/work/texlive/2026/texmf-dist/tex/latex/newtx/untxsyc.fd))
[1{/home/uctpiaj/work/texlive/2026/texmf-var/fonts/map/pdftex/updmap/pdftex.map
}{/home/uctpiaj/work/texlive/2026/texmf-dist/fonts/enc/dvips/newtx/ntx-ot1-tlf.
enc}]
(/home/uctpiaj/work/competition-creates-competition/audit/peer_polish/tables_qa
/table_reserve_details.tex
(/home/uctpiaj/work/texlive/2026/texmf-dist/tex/latex/tex-gyre/ot1qhv.fd)
(/home/uctpiaj/work/texlive/2026/texmf-dist/tex/latex/newtx/ot1ntxtt.fd)
Underfull \hbox (badness 10000) in paragraph at lines 24--25
\OT1/ntxtt/m/n/10 auction:uniform[]incumbent[0,r];sale[]to[]highest[]admissible
[]at[]max(p,min(R,v));bid[]equal[]reserve[]is[]admissible=yes\OT1/minntx/m/n/10
 , \OT1/ntxtt/m/n/10 public[]

Underfull \hbox (badness 10000) in paragraph at lines 24--25
\OT1/ntxtt/m/n/10 admissible=yes;upper[]plateau[]enters[]at[]tau=M;lower[]plate
au[]enters[]at[]B(m)=c[]L\OT1/minntx/m/n/10 ; \OT1/ntxtt/m/n/10 reserve[]auctio
n:uniform[]incumbent[0,r];sale[]

Underfull \hbox (badness 3657) in paragraph at lines 24--25
\OT1/ntxtt/m/n/10 to[]highest[]admissible[]at[]max(p,min(R,v));bid[]equal[]rese
rve[]is[]admissible=yes\OT1/minntx/m/n/10 , \OT1/ntxtt/m/n/10 public[]price[]fe
edback;investor[]observes=value[]

Underfull \hbox (badness 6300) in paragraph at lines 24--25
\OT1/ntxtt/m/n/10 class[]not[]within[]class[]value;buyer[]observes=price[]only\
OT1/minntx/m/n/10 , \OT1/ntxtt/m/n/10 entry[]at[]indifference=yes;bid[]equal[]r
eserve[]is[]admissible=yes;upper[]
[2{/home/uctpiaj/work/texlive/2026/texmf-dist/fonts/enc/dvips/tex-gyre/q-rm.enc
}])
(/home/uctpiaj/work/competition-creates-competition/audit/peer_polish/tables_qa
/table_reserve_exploratory.tex [3]
Underfull \hbox (badness 6792) in paragraph at lines 55--56
[]|\OT1/minntx/m/n/10.95 accepted con-tin-u-a-tion(s) found;

Underfull \hbox (badness 6792) in paragraph at lines 63--64
[]|\OT1/minntx/m/n/10.95 accepted con-tin-u-a-tion(s) found;

Underfull \hbox (badness 2165) in paragraph at lines 66--66
[]|\OT1/minntx/m/n/10.95 reserve equals ell mi-nus

Underfull \hbox (badness 6792) in paragraph at lines 73--74
[]|\OT1/minntx/m/n/10.95 accepted con-tin-u-a-tion(s) found;

Underfull \hbox (badness 6792) in paragraph at lines 74--75
[]|\OT1/minntx/m/n/10.95 accepted con-tin-u-a-tion(s) found;

Underfull \hbox (badness 2165) in paragraph at lines 78--78
[]|\OT1/minntx/m/n/10.95 reserve equals ell mi-nus

Underfull \hbox (badness 6792) in paragraph at lines 85--86
[]|\OT1/minntx/m/n/10.95 accepted con-tin-u-a-tion(s) found;

Underfull \hbox (badness 6792) in paragraph at lines 86--87
[]|\OT1/minntx/m/n/10.95 accepted con-tin-u-a-tion(s) found;
[4] [5]) (audit/peer_polish/tables_qa/reserves.aux) )
(see the transcript file for additional information)</home/uctpiaj/work/texlive
/2026/texmf-dist/fonts/type1/public/newtx/NewTXMI.pfb></home/uctpiaj/work/texli
ve/2026/texmf-dist/fonts/type1/public/newtx/NewTXMI7.pfb></home/uctpiaj/work/te
xlive/2026/texmf-dist/fonts/type1/public/tex-gyre/qhvr.pfb></home/uctpiaj/work/
texlive/2026/texmf-dist/fonts/type1/public/newtx/txmiaX.pfb></home/uctpiaj/work
/texlive/2026/texmf-dist/fonts/type1/public/newtx/txsys.pfb></home/uctpiaj/work
/texlive/2026/texmf-dist/fonts/type1/public/txfonts/txtt.pfb></home/uctpiaj/wor
k/texlive/2026/texmf-dist/fonts/type1/public/newtx/ztmr.pfb></home/uctpiaj/work
/texlive/2026/texmf-dist/fonts/type1/public/newtx/ztmri.pfb>
Output written on audit/peer_polish/tables_qa/reserves.pdf (5 pages, 138362 byt
es).
Transcript written on audit/peer_polish/tables_qa/reserves.log.
